02-20 23:16:24.274   944  3777 V WindowManager: Changing focus from Window{ab82dd4 u0 com.android.todolist/com.android.todolist.MainActivity EXITING} to Window{6851575 u0 com.android.todolist/com.android.todolist.MainActivity} displayId=0 Callers=com.android.server.wm.RootWindowContainer.updateFocusedWindowLocked:582 com.android.server.wm.WindowManagerService.updateFocusedWindowLocked:6425 com.android.server.wm.WindowState.setupWindowForRemoveOnExit:3149 com.android.server.wm.WindowState.removeIfPossible:3117 
02-20 23:16:24.275   944  1179 D InputDispatcher: Focus left window (0): ab82dd4 com.android.todolist/com.android.todolist.MainActivity
02-20 23:16:24.280 14726 14726 D InsetsSourceConsumer: setRequestedVisible: visible=false, type=19, host=com.android.todolist/com.android.todolist.MainActivity, from=android.view.InsetsSourceConsumer.hide:242 android.view.ImeInsetsSourceConsumer.hide:68 android.view.ImeInsetsSourceConsumer.setControl:128 android.view.InsetsController.onControlsChanged:862 android.view.ViewRootImpl.doDie:9697 android.view.ViewRootImpl.die:9645 android.view.WindowManagerGlobal.removeViewLocked:597 android.view.WindowManagerGlobal.removeView:538 android.view.WindowManagerImpl.removeViewImmediate:162 android.app.Dialog.dismissDialog:759 
02-20 23:16:24.281   944  3777 D InsetsSourceProvider: updateVisibility: serverVisible=true, clientVisible=false, source=InsetsSource: {mType=ITYPE_IME, mFrame=[0,1220][1080,2280], mVisible=false, mWindowFrame=[0,0][0,0]}, controlTarget=Window{ab82dd4 u0 com.android.todolist/com.android.todolist.MainActivity EXITING}, from=com.android.server.wm.ImeInsetsSourceProvider.updateVisibility:89 com.android.server.wm.InsetsSourceProvider.setClientVisible:428 com.android.server.wm.InsetsSourceProvider.updateClientVisibility:413 com.android.server.wm.InsetsStateController.onInsetsModified:457 com.android.server.wm.InsetsPolicy.onInsetsModified:510 com.android.server.wm.Session.insetsModified:704 android.view.IWindowSession$Stub.onTransact:1256 com.android.server.wm.Session.onTransact:176 android.os.Binder.execTransactInternal:1220 android.os.Binder.execTransact:1179 
02-20 23:16:24.293   944  1179 D InputDispatcher: Focus entered window (0): 6851575 com.android.todolist/com.android.todolist.MainActivity
02-20 23:16:24.297   628   628 D SurfaceFlinger:      DEVICE | 0x6d894d9150 | 0102 | RGBA_8888    |    0.0    0.0 1080.0 2280.0 |    0    0 1080 2280 | com.android.todolist/com.android.todolist.MainActivity$_14726#0
02-20 23:16:24.297   628   628 D SurfaceFlinger:      DEVICE | 0x6d894e3d70 | 0100 | RGBA_8888    |   81.0    0.0 1161.0  926.0 |    0  205 1080 1131 | com.android.todolist/com.android.todolist.MainActivity$_14726#1
02-20 23:16:24.344   628   628 D SurfaceFlinger:      DEVICE | 0x6d894da8f0 | 0102 | RGBA_8888    |    0.0    0.0 1080.0 2280.0 |    0    0 1080 2280 | com.android.todolist/com.android.todolist.MainActivity$_14726#0
02-20 23:16:24.344   628   628 D SurfaceFlinger:      DEVICE | 0x6d894e3d70 | 0100 | RGBA_8888    |   81.0    0.0 1161.0  926.0 |    0  205 1080 1131 | com.android.todolist/com.android.todolist.MainActivity$_14726#1
02-20 23:16:24.441   944  1023 I WindowManager: Reparenting to original parent: Surface(name=ActivityRecord{e8a9548 u0 com.android.todolist/.MainActivity t239})/@0xfbfe8f3, destroy=true, surface=Surface(name=ab82dd4 com.android.todolist/com.android.todolist.MainActivity)/@0x506bbbe
02-20 23:16:24.442   944  1023 E WindowManager: win=Window{ab82dd4 u0 com.android.todolist/com.android.todolist.MainActivity EXITING} destroySurfaces: appStopped=false win.mWindowRemovalAllowed=true win.mRemoveOnExit=true win.mViewVisibility=0 caller=com.android.server.wm.ActivityRecord.destroySurfaces:5789 com.android.server.wm.ActivityRecord.destroySurfaces:5770 com.android.server.wm.WindowState.onExitAnimationDone:5932 com.android.server.wm.WindowStateAnimator.onAnimationFinished:242 com.android.server.wm.WindowState.onAnimationFinished:6185 com.android.server.wm.WindowContainer$$ExternalSyntheticLambda0.onAnimationFinished:2 com.android.server.wm.SurfaceAnimator.lambda$getFinishedCallback$0$SurfaceAnimator:113 
02-20 23:16:24.443   944  1023 I WindowManager: Destroying surface Surface(name=com.android.todolist/com.android.todolist.MainActivity$_14726)/@0x89e4e33 called by com.android.server.wm.WindowStateAnimator.destroySurface:987 com.android.server.wm.WindowStateAnimator.destroySurfaceLocked:518 com.android.server.wm.WindowState.destroySurfaceUnchecked:4203 com.android.server.wm.WindowState.destroySurface:4177 com.android.server.wm.ActivityRecord.destroySurfaces:5789 com.android.server.wm.ActivityRecord.destroySurfaces:5770 com.android.server.wm.WindowState.onExitAnimationDone:5932 com.android.server.wm.WindowStateAnimator.onAnimationFinished:242 
02-20 23:16:24.457   628   628 I Layer   : id=4965 removeFromCurrentState com.android.todolist/com.android.todolist.MainActivity$_14726#1 (131)
02-20 23:16:24.458   628   628 I Layer   : id=4962 removeFromCurrentState ab82dd4 com.android.todolist/com.android.todolist.MainActivity#0 (131)
02-20 23:16:24.458   628   628 I Layer   : id=4973 removeFromCurrentState Surface(name=ab82dd4 com.android.todolist/com.android.todolist.MainActivity)/@0x506bbbe - animation-leash of window_animation#0 (131)
02-20 23:16:24.458   628   628 I SurfaceFlinger: id=4962 Removed ab82dd4 com.android.todolist/com.android.todolist.MainActivity#0 (131)
02-20 23:16:24.458   628   628 I SurfaceFlinger: id=4965 Removed com.android.todolist/com.android.todolist.MainActivity$_14726#1 (131)
02-20 23:16:24.458   628   628 I SurfaceFlinger: id=4973 Removed Surface(name=ab82dd4 com.android.todolist/com.android.todolist.MainActivity)/@0x506bbbe - animation-leash of window_animation#0 (131)
02-20 23:16:24.458   628   628 I Layer   : id=4973 Destroyed Surface(name=ab82dd4 com.android.todolist/com.android.todolist.MainActivity)/@0x506bbbe - animation-leash of window_animation#0
02-20 23:16:24.458   628   628 I Layer   : id=4962 Destroyed ab82dd4 com.android.todolist/com.android.todolist.MainActivity#0
02-20 23:16:24.460   628   628 I Layer   : id=4965 Destroyed com.android.todolist/com.android.todolist.MainActivity$_14726#1
02-20 23:16:24.462   628   628 D SurfaceFlinger:      DEVICE | 0x6d894d9150 | 0102 | RGBA_8888    |    0.0    0.0 1080.0 2280.0 |    0    0 1080 2280 | com.android.todolist/com.android.todolist.MainActivity$_14726#0
02-20 23:16:24.828   944  1022 D SGM:GameManager: identifyForegroundApp. com.android.todolist, mCurrentUserId: 0, callerUserId: 0
02-20 23:16:24.828   944  1022 D SGM:PkgDataHelper: getGamePkgData(). com.android.todolist
02-20 23:16:25.457   628  1077 I SurfaceFlinger: id=4978 createSurf (0x0),-1 flag=80004, eae72fa com.android.todolist/com.android.todolist.MainActivity#0
02-20 23:16:25.458   944  3654 V WindowManager: Changing focus from Window{6851575 u0 com.android.todolist/com.android.todolist.MainActivity} to Window{eae72fa u0 com.android.todolist/com.android.todolist.MainActivity} displayId=0 Callers=com.android.server.wm.RootWindowContainer.updateFocusedWindowLocked:582 com.android.server.wm.WindowManagerService.updateFocusedWindowLocked:6425 com.android.server.wm.WindowManagerService.addWindow:2029 com.android.server.wm.Session.addToDisplayAsUser:211 
02-20 23:16:25.475   944  3654 V WindowManager: Relayout Window{eae72fa u0 com.android.todolist/com.android.todolist.MainActivity}: viewVisibility=0 req=1026x710 d0
02-20 23:16:25.475   628  1077 I SurfaceFlinger: id=4981 createSurf (217x217),-3 flag=40004, com.android.todolist/com.android.todolist.MainActivity$_14726#1
02-20 23:16:25.476   944  3654 D WindowManager: makeSurface duration=0 name=com.android.todolist/com.android.todolist.MainActivity$_14726
02-20 23:16:25.496   944  1179 D WindowManager: finishDrawingWindow: Window{eae72fa u0 com.android.todolist/com.android.todolist.MainActivity} mDrawState=DRAW_PENDING
02-20 23:16:25.497   944  1023 I WindowManager: Reparenting to leash, surface=Surface(name=eae72fa com.android.todolist/com.android.todolist.MainActivity)/@0xfb7e7b4, leashParent=Surface(name=ActivityRecord{e8a9548 u0 com.android.todolist/.MainActivity t239})/@0xfbfe8f3
02-20 23:16:25.498   628   643 I SurfaceFlinger: id=4982 createSurf (0x0),-1 flag=24004, Surface(name=eae72fa com.android.todolist/com.android.todolist.MainActivity)/@0xfb7e7b4 - animation-leash of window_animation#0
02-20 23:16:25.498   944  1023 D WindowManager: makeSurface duration=1 leash=Surface(name=Surface(name=eae72fa com.android.todolist/com.android.todolist.MainActivity)/@0xfb7e7b4 - animation-leash of window_animation)/@0x31eafdd
02-20 23:16:25.512   944  1179 D InputDispatcher: Focus left window (0): 6851575 com.android.todolist/com.android.todolist.MainActivity
02-20 23:16:25.512   944  1179 D InputDispatcher: Focus entered window (0): eae72fa com.android.todolist/com.android.todolist.MainActivity
02-20 23:16:25.548   628   628 D SurfaceFlinger:      DEVICE | 0x6d894da8f0 | 0102 | RGBA_8888    |    0.0    0.0 1080.0 2280.0 |    0    0 1080 2280 | com.android.todolist/com.android.todolist.MainActivity$_14726#0
02-20 23:16:25.548   628   628 D SurfaceFlinger:      DEVICE | 0x6d894e1730 | 0100 | RGBA_8888    |   81.0    0.0 1161.0  926.0 |    0  710 1080 1636 | com.android.todolist/com.android.todolist.MainActivity$_14726#1
02-20 23:16:25.661   944  1023 I WindowManager: Reparenting to original parent: Surface(name=ActivityRecord{e8a9548 u0 com.android.todolist/.MainActivity t239})/@0xfbfe8f3, destroy=true, surface=Surface(name=eae72fa com.android.todolist/com.android.todolist.MainActivity)/@0xfb7e7b4
02-20 23:16:25.677   628   628 I Layer   : id=4982 removeFromCurrentState Surface(name=eae72fa com.android.todolist/com.android.todolist.MainActivity)/@0xfb7e7b4 - animation-leash of window_animation#0 (131)
02-20 23:16:25.678   628   628 I SurfaceFlinger: id=4982 Removed Surface(name=eae72fa com.android.todolist/com.android.todolist.MainActivity)/@0xfb7e7b4 - animation-leash of window_animation#0 (131)
02-20 23:16:25.678   628   628 I Layer   : id=4982 Destroyed Surface(name=eae72fa com.android.todolist/com.android.todolist.MainActivity)/@0xfb7e7b4 - animation-leash of window_animation#0
02-20 23:16:26.033   944  1022 D SGM:GameManager: identifyForegroundApp. com.android.todolist, mCurrentUserId: 0, callerUserId: 0
02-20 23:16:26.033   944  1022 D SGM:PkgDataHelper: getGamePkgData(). com.android.todolist
02-20 23:16:26.224 14726 14726 I IMM_LC  : ssi() - flag : 0 view : com.android.todolist reason = SHOW_SOFT_INPUT
02-20 23:16:26.238  4247  4247 I HBD     : HoneyBoardService onStartInputView : restarting = false, client = com.android.todolist 
02-20 23:16:26.244   944  1179 D ContentCapturePerUserService: Notified activity assist data for activity: Token{135a3eb ActivityRecord{e8a9548 u0 com.android.todolist/.MainActivity t239}} without a session Id
02-20 23:16:26.262 24007 24007 I SS:HintsMappingManager: getEntityTypeFromResourceMap map: com.android.todolist.MainActivity_com.android.todolist_editText_newList, value: null
02-20 23:16:26.305 14726 14726 D InsetsSourceConsumer: setRequestedVisible: visible=true, type=19, host=com.android.todolist/com.android.todolist.MainActivity, from=android.view.InsetsSourceConsumer.show:235 android.view.InsetsController.showDirectly:1488 android.view.InsetsController.controlAnimationUnchecked:1136 android.view.InsetsController.applyAnimation:1455 android.view.InsetsController.applyAnimation:1436 android.view.InsetsController.show:975 android.view.ViewRootImpl$ViewRootHandler.handleMessageImpl:6345 android.view.ViewRootImpl$ViewRootHandler.handleMessage:6270 android.os.Handler.dispatchMessage:106 android.os.Looper.loopOnce:226 
02-20 23:16:26.307   944  3777 D InsetsSourceProvider: updateVisibility: serverVisible=true, clientVisible=true, source=InsetsSource: {mType=ITYPE_IME, mFrame=[0,1220][1080,2280], mVisible=true, mWindowFrame=[0,0][0,0]}, controlTarget=Window{eae72fa u0 com.android.todolist/com.android.todolist.MainActivity}, from=com.android.server.wm.ImeInsetsSourceProvider.updateVisibility:89 com.android.server.wm.InsetsSourceProvider.setClientVisible:428 com.android.server.wm.InsetsSourceProvider.updateClientVisibility:413 com.android.server.wm.InsetsStateController.onInsetsModified:457 com.android.server.wm.InsetsPolicy.onInsetsModified:510 com.android.server.wm.Session.insetsModified:704 android.view.IWindowSession$Stub.onTransact:1256 com.android.server.wm.Session.onTransact:176 android.os.Binder.execTransactInternal:1220 android.os.Binder.execTransact:1179 
02-20 23:16:26.309   944  1022 I WindowManager: Reparenting to leash, surface=Surface(name=eae72fa com.android.todolist/com.android.todolist.MainActivity)/@0xfb7e7b4, leashParent=Surface(name=ActivityRecord{e8a9548 u0 com.android.todolist/.MainActivity t239})/@0xfbfe8f3
02-20 23:16:26.309   628   643 I SurfaceFlinger: id=4987 createSurf (0x0),-1 flag=24000, Surface(name=eae72fa com.android.todolist/com.android.todolist.MainActivity)/@0xfb7e7b4 - animation-leash of window_animation#0
02-20 23:16:26.310   944  1022 D WindowManager: makeSurface duration=0 leash=Surface(name=Surface(name=eae72fa com.android.todolist/com.android.todolist.MainActivity)/@0xfb7e7b4 - animation-leash of window_animation)/@0x4f14568
02-20 23:16:26.352   628   628 D SurfaceFlinger:      DEVICE | 0x6d894e8b10 | 0102 | RGBA_8888    |    0.0    0.0 1080.0 2280.0 |    0    0 1080 2280 | com.android.todolist/com.android.todolist.MainActivity$_14726#0
02-20 23:16:26.352   628   628 D SurfaceFlinger:      DEVICE | 0x6d894e2ed0 | 0100 | RGBA_8888    |   81.0    0.0 1161.0  926.0 |    0  621 1080 1547 | com.android.todolist/com.android.todolist.MainActivity$_14726#1
02-20 23:16:26.513   944  1023 I WindowManager: Reparenting to original parent: Surface(name=ActivityRecord{e8a9548 u0 com.android.todolist/.MainActivity t239})/@0xfbfe8f3, destroy=true, surface=Surface(name=eae72fa com.android.todolist/com.android.todolist.MainActivity)/@0xfb7e7b4
02-20 23:16:26.546   628   628 I Layer   : id=4987 removeFromCurrentState Surface(name=eae72fa com.android.todolist/com.android.todolist.MainActivity)/@0xfb7e7b4 - animation-leash of window_animation#0 (130)
02-20 23:16:26.546   628   628 I SurfaceFlinger: id=4987 Removed Surface(name=eae72fa com.android.todolist/com.android.todolist.MainActivity)/@0xfb7e7b4 - animation-leash of window_animation#0 (130)
02-20 23:16:26.546   628   628 I Layer   : id=4987 Destroyed Surface(name=eae72fa com.android.todolist/com.android.todolist.MainActivity)/@0xfb7e7b4 - animation-leash of window_animation#0
02-20 23:16:27.436   944  3654 W InputManager-JNI: Input channel object 'eae72fa com.android.todolist/com.android.todolist.MainActivity (client)' was disposed without first being removed with the input manager!
02-20 23:16:27.436   944  3654 I WindowManager: Reparenting to leash, surface=Surface(name=eae72fa com.android.todolist/com.android.todolist.MainActivity)/@0xfb7e7b4, leashParent=Surface(name=ActivityRecord{e8a9548 u0 com.android.todolist/.MainActivity t239})/@0xfbfe8f3
02-20 23:16:27.436   628   643 I SurfaceFlinger: id=4988 createSurf (0x0),-1 flag=24000, Surface(name=eae72fa com.android.todolist/com.android.todolist.MainActivity)/@0xfb7e7b4 - animation-leash of window_animation#0
02-20 23:16:27.437   944  3654 D WindowManager: makeSurface duration=0 leash=Surface(name=Surface(name=eae72fa com.android.todolist/com.android.todolist.MainActivity)/@0xfb7e7b4 - animation-leash of window_animation)/@0x51560bd
02-20 23:16:27.437   944  3654 V WindowManager: removeIfPossible 2, Window{eae72fa u0 com.android.todolist/com.android.todolist.MainActivity}: mAnimatingExit=true caller=com.android.server.wm.WindowState.removeIfPossible:2958 com.android.server.wm.WindowManagerService.removeWindow:2245 com.android.server.wm.Session.remove:225 android.view.IWindowSession$Stub.onTransact:746 com.android.server.wm.Session.onTransact:176 
02-20 23:16:27.438   944  3654 V WindowManager: Changing focus from Window{eae72fa u0 com.android.todolist/com.android.todolist.MainActivity EXITING} to Window{6851575 u0 com.android.todolist/com.android.todolist.MainActivity} displayId=0 Callers=com.android.server.wm.RootWindowContainer.updateFocusedWindowLocked:582 com.android.server.wm.WindowManagerService.updateFocusedWindowLocked:6425 com.android.server.wm.WindowState.setupWindowForRemoveOnExit:3149 com.android.server.wm.WindowState.removeIfPossible:3117 
02-20 23:16:27.446 14726 14726 D InsetsSourceConsumer: setRequestedVisible: visible=false, type=19, host=com.android.todolist/com.android.todolist.MainActivity, from=android.view.InsetsSourceConsumer.hide:242 android.view.ImeInsetsSourceConsumer.hide:68 android.view.ImeInsetsSourceConsumer.setControl:128 android.view.InsetsController.onControlsChanged:862 android.view.ViewRootImpl.doDie:9697 android.view.ViewRootImpl.die:9645 android.view.WindowManagerGlobal.removeViewLocked:597 android.view.WindowManagerGlobal.removeView:538 android.view.WindowManagerImpl.removeViewImmediate:162 android.app.Dialog.dismissDialog:759 
02-20 23:16:27.448   944  3654 D InsetsSourceProvider: updateVisibility: serverVisible=true, clientVisible=false, source=InsetsSource: {mType=ITYPE_IME, mFrame=[0,1220][1080,2280], mVisible=false, mWindowFrame=[0,0][0,0]}, controlTarget=Window{eae72fa u0 com.android.todolist/com.android.todolist.MainActivity EXITING}, from=com.android.server.wm.ImeInsetsSourceProvider.updateVisibility:89 com.android.server.wm.InsetsSourceProvider.setClientVisible:428 com.android.server.wm.InsetsSourceProvider.updateClientVisibility:413 com.android.server.wm.InsetsStateController.onInsetsModified:457 com.android.server.wm.InsetsPolicy.onInsetsModified:510 com.android.server.wm.Session.insetsModified:704 android.view.IWindowSession$Stub.onTransact:1256 com.android.server.wm.Session.onTransact:176 android.os.Binder.execTransactInternal:1220 android.os.Binder.execTransact:1179 
02-20 23:16:27.452   944  3654 D InputDispatcher: Focus left window (0): eae72fa com.android.todolist/com.android.todolist.MainActivity
02-20 23:16:27.456   628   628 D SurfaceFlinger:      DEVICE | 0x6d894da8f0 | 0102 | RGBA_8888    |    0.0    0.0 1080.0 2280.0 |    0    0 1080 2280 | com.android.todolist/com.android.todolist.MainActivity$_14726#0
02-20 23:16:27.456   628   628 D SurfaceFlinger:      DEVICE | 0x6d894e2ed0 | 0100 | RGBA_8888    |   81.0    0.0 1161.0  926.0 |    0  205 1080 1131 | com.android.todolist/com.android.todolist.MainActivity$_14726#1
02-20 23:16:27.467   944  3654 D InputDispatcher: Focus entered window (0): 6851575 com.android.todolist/com.android.todolist.MainActivity
02-20 23:16:27.519   628   628 D SurfaceFlinger:      DEVICE | 0x6d894e8b10 | 0102 | RGBA_8888    |    0.0    0.0 1080.0 2280.0 |    0    0 1080 2280 | com.android.todolist/com.android.todolist.MainActivity$_14726#0
02-20 23:16:27.519   628   628 D SurfaceFlinger:      DEVICE | 0x6d894e2ed0 | 0100 | RGBA_8888    |   81.0    0.0 1161.0  926.0 |    0  205 1080 1131 | com.android.todolist/com.android.todolist.MainActivity$_14726#1
02-20 23:16:27.599   944  1023 I WindowManager: Reparenting to original parent: Surface(name=ActivityRecord{e8a9548 u0 com.android.todolist/.MainActivity t239})/@0xfbfe8f3, destroy=true, surface=Surface(name=eae72fa com.android.todolist/com.android.todolist.MainActivity)/@0xfb7e7b4
02-20 23:16:27.601   944  1023 E WindowManager: win=Window{eae72fa u0 com.android.todolist/com.android.todolist.MainActivity EXITING} destroySurfaces: appStopped=false win.mWindowRemovalAllowed=true win.mRemoveOnExit=true win.mViewVisibility=0 caller=com.android.server.wm.ActivityRecord.destroySurfaces:5789 com.android.server.wm.ActivityRecord.destroySurfaces:5770 com.android.server.wm.WindowState.onExitAnimationDone:5932 com.android.server.wm.WindowStateAnimator.onAnimationFinished:242 com.android.server.wm.WindowState.onAnimationFinished:6185 com.android.server.wm.WindowContainer$$ExternalSyntheticLambda0.onAnimationFinished:2 com.android.server.wm.SurfaceAnimator.lambda$getFinishedCallback$0$SurfaceAnimator:113 
02-20 23:16:27.601   944  1023 I WindowManager: Destroying surface Surface(name=com.android.todolist/com.android.todolist.MainActivity$_14726)/@0xe845cd6 called by com.android.server.wm.WindowStateAnimator.destroySurface:987 com.android.server.wm.WindowStateAnimator.destroySurfaceLocked:518 com.android.server.wm.WindowState.destroySurfaceUnchecked:4203 com.android.server.wm.WindowState.destroySurface:4177 com.android.server.wm.ActivityRecord.destroySurfaces:5789 com.android.server.wm.ActivityRecord.destroySurfaces:5770 com.android.server.wm.WindowState.onExitAnimationDone:5932 com.android.server.wm.WindowStateAnimator.onAnimationFinished:242 
02-20 23:16:27.615   628   628 I Layer   : id=4981 removeFromCurrentState com.android.todolist/com.android.todolist.MainActivity$_14726#1 (132)
02-20 23:16:27.615   628   628 I Layer   : id=4978 removeFromCurrentState eae72fa com.android.todolist/com.android.todolist.MainActivity#0 (132)
02-20 23:16:27.615   628   628 I Layer   : id=4988 removeFromCurrentState Surface(name=eae72fa com.android.todolist/com.android.todolist.MainActivity)/@0xfb7e7b4 - animation-leash of window_animation#0 (132)
02-20 23:16:27.615   628   628 I SurfaceFlinger: id=4978 Removed eae72fa com.android.todolist/com.android.todolist.MainActivity#0 (132)
02-20 23:16:27.616   628   628 I SurfaceFlinger: id=4981 Removed com.android.todolist/com.android.todolist.MainActivity$_14726#1 (132)
02-20 23:16:27.616   628   628 I SurfaceFlinger: id=4988 Removed Surface(name=eae72fa com.android.todolist/com.android.todolist.MainActivity)/@0xfb7e7b4 - animation-leash of window_animation#0 (132)
02-20 23:16:27.616   628   628 I Layer   : id=4988 Destroyed Surface(name=eae72fa com.android.todolist/com.android.todolist.MainActivity)/@0xfb7e7b4 - animation-leash of window_animation#0
02-20 23:16:27.616   628   628 I Layer   : id=4978 Destroyed eae72fa com.android.todolist/com.android.todolist.MainActivity#0
02-20 23:16:27.618   628   628 I Layer   : id=4981 Destroyed com.android.todolist/com.android.todolist.MainActivity$_14726#1
02-20 23:16:27.621   628   628 D SurfaceFlinger:      DEVICE | 0x6d894e8b10 | 0102 | RGBA_8888    |    0.0    0.0 1080.0 2280.0 |    0    0 1080 2280 | com.android.todolist/com.android.todolist.MainActivity$_14726#0
02-20 23:16:28.001   944  1022 D SGM:GameManager: identifyForegroundApp. com.android.todolist, mCurrentUserId: 0, callerUserId: 0
02-20 23:16:28.002   944  1022 D SGM:PkgDataHelper: getGamePkgData(). com.android.todolist
02-20 23:16:28.955   944  3654 D SGM:GameManager: identifyForegroundApp. com.android.todolist, mCurrentUserId: 0, callerUserId: 0
02-20 23:16:28.955   944  3654 D SGM:PkgDataHelper: getGamePkgData(). com.android.todolist
02-20 23:16:29.246 14726 14726 V Toast   : show: caller = com.android.todolist.MyAdapter$onBindViewHolder$1.onClick:58 
02-20 23:16:29.266   944  1179 I ActivityTaskManager: START u0 {cmp=com.android.todolist/.ListActivity (has extras)} from uid 10485
02-20 23:16:29.274   944  1179 D ActivityTaskManager: TaskLaunchParamsModifier:task=null activity=ActivityRecord{577915c u0 com.android.todolist/.ListActivity display-area-from-source=DefaultTaskDisplayArea@186357010 display-id=0 display-windowing-mode=1 suggested-display-area=DefaultTaskDisplayArea@186357010
02-20 23:16:29.274   944  1179 D ActivityTaskManager: TaskLaunchParamsModifier:task=Task{82dafe1 #239 type=standard A=10485:com.android.todolist U=0 visible=true mode=fullscreen translucent=false sz=1} activity=ActivityRecord{577915c u0 com.android.todolist/.ListActivity t-1} display-area-from-source=DefaultTaskDisplayArea@186357010 display-id=0 display-windowing-mode=1 suggested-display-area=DefaultTaskDisplayArea@186357010 inherit-from-source=fullscreen activity-options-fullscreen=Rect(0, 0 - 0, 0) non-freeform-display display-area=DefaultTaskDisplayArea@186357010 maximized-bounds
02-20 23:16:29.279   628  1077 I SurfaceFlinger: id=4994 createSurf (0x0),-1 flag=80004, ActivityRecord{577915c u0 com.android.todolist/.ListActivity t239}#0
02-20 23:16:29.301   944  3719 D MARsPolicyManager: onPackageResumedFG pkgName = com.android.todolist, userId = 0
02-20 23:16:29.305   944  3719 D WindowManager: rotationForOrientation, orientationSource=ActivityRecord{577915c u0 com.android.todolist/.ListActivity t239}
02-20 23:16:29.305   944  3719 D WindowManager: rotationForOrientation, orientationSource=ActivityRecord{577915c u0 com.android.todolist/.ListActivity t239}
02-20 23:16:29.307   944  3719 D WindowManager: rotationForOrientation, orientationSource=ActivityRecord{577915c u0 com.android.todolist/.ListActivity t239}
02-20 23:16:29.308   944  3719 D SGM:PkgDataHelper: notifyAppCreate(), pkgName: com.android.todolist, userId: 0, sendRet: true
02-20 23:16:29.308   944  1184 D SGM:GameManager: onLooperPrepared(), msg: MSG_APP_CREATE, pkgName: com.android.todolist, userId: 0
02-20 23:16:29.309   944  3719 V WindowManager: Changing focus from Window{6851575 u0 com.android.todolist/com.android.todolist.MainActivity} to null displayId=0 Callers=com.android.server.wm.RootWindowContainer.updateFocusedWindowLocked:582 com.android.server.wm.WindowManagerService.updateFocusedWindowLocked:6425 com.android.server.wm.ActivityTaskManagerService.setResumedActivityUncheckLocked:5449 com.android.server.wm.Task.onActivityStateChanged:2872 
02-20 23:16:29.313   944  1022 D SGM:GameManager: notePauseComponent(), received pkgName: com.android.todolist, userId: 0
02-20 23:16:29.319   944  3719 D InputDispatcher: Focus left window (0): 6851575 com.android.todolist/com.android.todolist.MainActivity
02-20 23:16:29.340   944  1022 I GameSDK@LifeCycle: noteResumeComponent(): package name  : com.android.todolist
02-20 23:16:29.340   944  1022 D SGM:GameManager: noteResumeComponent(), received pkgName: com.android.todolist, userId: 0
02-20 23:16:29.340   944  1184 D SGM:GameManager: onLooperPrepared(), msg: MSG_APP_RESUME, pkgName: com.android.todolist, userid: 0
02-20 23:16:29.340   944  1184 D SGM:GameManager:   handleResume(). pkgName: com.android.todolist, userId: 0, isTunableApp: null
02-20 23:16:29.340   944  1184 D SGM:GameManager: notifyFocusInOut(). of pkg: com.android.todolist, type: 4, isMinimized: false, isTunableApp: false, userId: 0
02-20 23:16:29.371   628   628 D SurfaceFlinger:      DEVICE | 0x6d894e8b10 | 0102 | RGBA_8888    |    0.0    0.0 1080.0 2280.0 |    0    0 1080 2280 | com.android.todolist/com.android.todolist.MainActivity$_14726#0
02-20 23:16:29.398 14726 14726 I MSHandlerLifeCycle: isMultiSplitHandlerRequested: ignored. pkg=com.android.todolist parent=null callers=com.android.internal.policy.DecorView.setVisibility:4224 android.app.ActivityThread.handleResumeActivity:5294 android.app.servertransaction.ResumeActivityItem.execute:54 android.app.servertransaction.ActivityTransactionItem.execute:45 android.app.servertransaction.TransactionExecutor.executeLifecycleState:176 
02-20 23:16:29.403   628   644 I SurfaceFlinger: id=4998 createSurf (0x0),-1 flag=80004, fb95e84 com.android.todolist/com.android.todolist.ListActivity#0
02-20 23:16:29.418   944  3719 V WindowManager: Relayout Window{fb95e84 u0 com.android.todolist/com.android.todolist.ListActivity}: viewVisibility=0 req=1080x2280 d0
02-20 23:16:29.419   628   644 I SurfaceFlinger: id=4999 createSurf (1x1),-3 flag=40004, com.android.todolist/com.android.todolist.ListActivity$_14726#0
02-20 23:16:29.419   944  3719 D WindowManager: makeSurface duration=1 name=com.android.todolist/com.android.todolist.ListActivity$_14726
02-20 23:16:29.421   944  3719 V WindowManager: Changing focus from null to Window{fb95e84 u0 com.android.todolist/com.android.todolist.ListActivity} displayId=0 Callers=com.android.server.wm.RootWindowContainer.updateFocusedWindowLocked:582 com.android.server.wm.WindowManagerService.updateFocusedWindowLocked:6425 com.android.server.wm.WindowManagerService.relayoutWindow:2746 com.android.server.wm.Session.relayout:242 
02-20 23:16:29.441   944  3719 D WindowManager: finishDrawingWindow: Window{fb95e84 u0 com.android.todolist/com.android.todolist.ListActivity} mDrawState=DRAW_PENDING
02-20 23:16:29.450   944  1023 D WindowManager: prepareDimAnimOnAnimating owner = ActivityRecord{e8a9548 u0 com.android.todolist/.MainActivity t239}
02-20 23:16:29.450   944  1023 I WindowManager: Reparenting to leash, surface=Surface(name=ActivityRecord{e8a9548 u0 com.android.todolist/.MainActivity t239})/@0xfbfe8f3, leashParent=Surface(name=Task=239)/@0xee0cd8f
02-20 23:16:29.451   628   643 I SurfaceFlinger: id=5002 createSurf (0x0),-1 flag=24000, Surface(name=ActivityRecord{e8a9548 u0 com.android.todolist/.MainActivity t239})/@0xfbfe8f3 - animation-leash of app_transition#0
02-20 23:16:29.452   944  1023 D WindowManager: makeSurface duration=1 leash=Surface(name=Surface(name=ActivityRecord{e8a9548 u0 com.android.todolist/.MainActivity t239})/@0xfbfe8f3 - animation-leash of app_transition)/@0xd148dab
02-20 23:16:29.452   944  1023 D WindowManager: startDimAnimation owner = ActivityRecord{e8a9548 u0 com.android.todolist/.MainActivity t239}
02-20 23:16:29.452   628   643 I SurfaceFlinger: id=5003 createSurf (0x0),-1 flag=20004, Dim Layer for - ActivityRecord{e8a9548 u0 com.android.todolist/.MainActivity t239} - animating-dim#0
02-20 23:16:29.453   944  3719 D InputDispatcher: Focus request (0): fb95e84 com.android.todolist/com.android.todolist.ListActivity but waiting because NOT_VISIBLE
02-20 23:16:29.454   944  1023 I WindowManager: Reparenting to leash, surface=Surface(name=Dim Layer for - ActivityRecord{e8a9548 u0 com.android.todolist/.MainActivity t239} - animating-dim)/@0x22c9c08, leashParent=Surface(name=ActivityRecord{e8a9548 u0 com.android.todolist/.MainActivity t239})/@0xfbfe8f3
02-20 23:16:29.454   628  1077 I SurfaceFlinger: id=5004 createSurf (0x0),-1 flag=24000, Surface(name=Dim Layer for - ActivityRecord{e8a9548 u0 com.android.todolist/.MainActivity t239} - animating-dim)/@0x22c9c08 - animation-leash of dimmer#0
02-20 23:16:29.455   944  1023 D WindowManager: makeSurface duration=1 leash=Surface(name=Surface(name=Dim Layer for - ActivityRecord{e8a9548 u0 com.android.todolist/.MainActivity t239} - animating-dim)/@0x22c9c08 - animation-leash of dimmer)/@0xab90fa1
02-20 23:16:29.456   628  1077 I SurfaceFlinger: id=5005 createSurf (0x0),-1 flag=80004, Surface(name=ActivityRecord{e8a9548 u0 com.android.todolist/.MainActivity t239})/@0xfbfe8f3 - animation-bounds#0
02-20 23:16:29.457   944  1023 I WindowManager: Reparenting to leash, surface=Surface(name=ActivityRecord{577915c u0 com.android.todolist/.ListActivity t239})/@0xbb0e420, leashParent=Surface(name=Task=239)/@0xee0cd8f
02-20 23:16:29.458   628  1077 I SurfaceFlinger: id=5006 createSurf (0x0),-1 flag=24004, Surface(name=ActivityRecord{577915c u0 com.android.todolist/.ListActivity t239})/@0xbb0e420 - animation-leash of app_transition#0
02-20 23:16:29.458   944  1023 D WindowManager: makeSurface duration=1 leash=Surface(name=Surface(name=ActivityRecord{577915c u0 com.android.todolist/.ListActivity t239})/@0xbb0e420 - animation-leash of app_transition)/@0x9311d9
02-20 23:16:29.459   628  1077 I SurfaceFlinger: id=5007 createSurf (0x0),-1 flag=80004, Surface(name=ActivityRecord{577915c u0 com.android.todolist/.ListActivity t239})/@0xbb0e420 - animation-bounds#0
02-20 23:16:29.461   944  1019 I ActivityTaskManager: Displayed com.android.todolist/.ListActivity: +195ms
02-20 23:16:29.461   944  1019 I Pageboost: Launch time gathered : pid 14726 com.android.todolist 195
02-20 23:16:29.470   944  3719 D InputDispatcher: Focus entered window (0): fb95e84 com.android.todolist/com.android.todolist.ListActivity
02-20 23:16:29.491   628   628 D SurfaceFlinger:      DEVICE | 0x6d894da8f0 | 0102 | RGBA_8888    |    0.0    7.0 1080.0 2280.0 |    0    0 1080 2273 | com.android.todolist/com.android.todolist.MainActivity$_14726#0
02-20 23:16:29.491   628   628 D SurfaceFlinger:      DEVICE | 0x6d894e4f70 | 0102 | RGBA_8888    |    0.0    0.0 1080.0 1897.0 |    0  383 1080 2280 | com.android.todolist/com.android.todolist.ListActivity$_14726#0
02-20 23:16:29.507   628   628 D SurfaceFlinger:      DEVICE | 0x6d894da8f0 | 0102 | RGBA_8888    |    0.0   18.0 1080.0 2280.0 |    0    0 1080 2262 | com.android.todolist/com.android.todolist.MainActivity$_14726#0
02-20 23:16:29.507   628   628 D SurfaceFlinger:      DEVICE | 0x6d894c5410 | 0102 | RGBA_8888    |    0.0    0.0 1080.0 1963.0 |    0  317 1080 2280 | com.android.todolist/com.android.todolist.ListActivity$_14726#0
02-20 23:16:29.770   944  1023 I WindowManager: Reparenting to original parent: Surface(name=ActivityRecord{e8a9548 u0 com.android.todolist/.MainActivity t239})/@0xfbfe8f3, destroy=true, surface=Surface(name=Dim Layer for - ActivityRecord{e8a9548 u0 com.android.todolist/.MainActivity t239} - animating-dim)/@0x22c9c08
02-20 23:16:29.803   628   628 I Layer   : id=5004 removeFromCurrentState Surface(name=Dim Layer for - ActivityRecord{e8a9548 u0 com.android.todolist/.MainActivity t239} - animating-dim)/@0x22c9c08 - animation-leash of dimmer#0 (140)
02-20 23:16:29.804   628   628 I SurfaceFlinger: id=5004 Removed Surface(name=Dim Layer for - ActivityRecord{e8a9548 u0 com.android.todolist/.MainActivity t239} - animating-dim)/@0x22c9c08 - animation-leash of dimmer#0 (140)
02-20 23:16:29.804   628   628 I Layer   : id=5004 Destroyed Surface(name=Dim Layer for - ActivityRecord{e8a9548 u0 com.android.todolist/.MainActivity t239} - animating-dim)/@0x22c9c08 - animation-leash of dimmer#0
02-20 23:16:29.855   944  1023 I WindowManager: Reparenting to original parent: Surface(name=Task=239)/@0xee0cd8f, destroy=true, surface=Surface(name=ActivityRecord{e8a9548 u0 com.android.todolist/.MainActivity t239})/@0xfbfe8f3
02-20 23:16:29.856   944  1023 D WindowManager: clearDimAnimation owner = ActivityRecord{e8a9548 u0 com.android.todolist/.MainActivity t239}, caller=com.android.server.wm.WindowContainer.onAnimationLeashLost:3108 com.android.server.wm.ActivityRecord.onAnimationLeashLost:7789 com.android.server.wm.SurfaceAnimator.removeLeash:426 
02-20 23:16:29.856   944  1023 V WindowManager: Setting visibility of Window{6851575 u0 com.android.todolist/com.android.todolist.MainActivity}: false, caller=com.android.server.wm.WindowContainer.sendAppVisibilityToClients:1100 com.android.server.wm.WindowToken.setClientVisible:448 com.android.server.wm.ActivityRecord.setClientVisible:6926 com.android.server.wm.ActivityRecord.onAnimationFinished:7813 com.android.server.wm.WindowContainer$$ExternalSyntheticLambda0.onAnimationFinished:2 
02-20 23:16:29.858   944  1023 I WindowManager: Reparenting to original parent: Surface(name=Task=239)/@0xee0cd8f, destroy=true, surface=Surface(name=ActivityRecord{577915c u0 com.android.todolist/.ListActivity t239})/@0xbb0e420
02-20 23:16:29.858   628   628 D SurfaceFlinger:      DEVICE | 0x6d894c5410 | 0102 | RGBA_8888    |    0.0    0.0 1080.0 2280.0 |    0    0 1080 2280 | com.android.todolist/com.android.todolist.ListActivity$_14726#0
02-20 23:16:29.870   628   628 I Layer   : id=5002 removeFromCurrentState Surface(name=ActivityRecord{e8a9548 u0 com.android.todolist/.MainActivity t239})/@0xfbfe8f3 - animation-leash of app_transition#0 (138)
02-20 23:16:29.870   628   628 I Layer   : id=5003 removeFromCurrentState Dim Layer for - ActivityRecord{e8a9548 u0 com.android.todolist/.MainActivity t239} - animating-dim#0 (138)
02-20 23:16:29.870   628   628 I Layer   : id=5005 removeFromCurrentState Surface(name=ActivityRecord{e8a9548 u0 com.android.todolist/.MainActivity t239})/@0xfbfe8f3 - animation-bounds#0 (138)
02-20 23:16:29.870   628   628 I Layer   : id=5006 removeFromCurrentState Surface(name=ActivityRecord{577915c u0 com.android.todolist/.ListActivity t239})/@0xbb0e420 - animation-leash of app_transition#0 (138)
02-20 23:16:29.870   628   628 I Layer   : id=5007 removeFromCurrentState Surface(name=ActivityRecord{577915c u0 com.android.todolist/.ListActivity t239})/@0xbb0e420 - animation-bounds#0 (138)
02-20 23:16:29.871   628   628 I SurfaceFlinger: id=5003 Removed Dim Layer for - ActivityRecord{e8a9548 u0 com.android.todolist/.MainActivity t239} - animating-dim#0 (138)
02-20 23:16:29.871   628   628 I SurfaceFlinger: id=5005 Removed Surface(name=ActivityRecord{e8a9548 u0 com.android.todolist/.MainActivity t239})/@0xfbfe8f3 - animation-bounds#0 (138)
02-20 23:16:29.871   628   628 I SurfaceFlinger: id=5007 Removed Surface(name=ActivityRecord{577915c u0 com.android.todolist/.ListActivity t239})/@0xbb0e420 - animation-bounds#0 (138)
02-20 23:16:29.871   628   628 I SurfaceFlinger: id=5006 Removed Surface(name=ActivityRecord{577915c u0 com.android.todolist/.ListActivity t239})/@0xbb0e420 - animation-leash of app_transition#0 (138)
02-20 23:16:29.871   628   628 I SurfaceFlinger: id=5002 Removed Surface(name=ActivityRecord{e8a9548 u0 com.android.todolist/.MainActivity t239})/@0xfbfe8f3 - animation-leash of app_transition#0 (138)
02-20 23:16:29.871   628   628 I Layer   : id=5003 Destroyed Dim Layer for - ActivityRecord{e8a9548 u0 com.android.todolist/.MainActivity t239} - animating-dim#0
02-20 23:16:29.871   628   628 I Layer   : id=5005 Destroyed Surface(name=ActivityRecord{e8a9548 u0 com.android.todolist/.MainActivity t239})/@0xfbfe8f3 - animation-bounds#0
02-20 23:16:29.871   628   628 I Layer   : id=5002 Destroyed Surface(name=ActivityRecord{e8a9548 u0 com.android.todolist/.MainActivity t239})/@0xfbfe8f3 - animation-leash of app_transition#0
02-20 23:16:29.872   628   628 I Layer   : id=5007 Destroyed Surface(name=ActivityRecord{577915c u0 com.android.todolist/.ListActivity t239})/@0xbb0e420 - animation-bounds#0
02-20 23:16:29.872   628   628 I Layer   : id=5006 Destroyed Surface(name=ActivityRecord{577915c u0 com.android.todolist/.ListActivity t239})/@0xbb0e420 - animation-leash of app_transition#0
02-20 23:16:29.876   944  1179 V WindowManager: Relayout Window{6851575 u0 com.android.todolist/com.android.todolist.MainActivity}: viewVisibility=8 req=1080x2280 d0
02-20 23:16:29.888   944  1179 V WindowManager: Relayout Window{6851575 u0 com.android.todolist/com.android.todolist.MainActivity}: viewVisibility=8 req=1080x2280 d0
02-20 23:16:29.893   944  1179 E WindowManager: win=Window{6851575 u0 com.android.todolist/com.android.todolist.MainActivity} destroySurfaces: appStopped=true win.mWindowRemovalAllowed=false win.mRemoveOnExit=false win.mViewVisibility=8 caller=com.android.server.wm.ActivityRecord.destroySurfaces:5789 com.android.server.wm.ActivityRecord.destroySurfaces:5770 com.android.server.wm.ActivityRecord.notifyAppStopped:5834 com.android.server.wm.ActivityRecord.activityStopped:6454 com.android.server.wm.ActivityClientController.activityStopped:248 android.app.IActivityClientController$Stub.onTransact:596 com.android.server.wm.ActivityClientController.onTransact:124 
02-20 23:16:29.893   944  1179 I WindowManager: Destroying surface Surface(name=com.android.todolist/com.android.todolist.MainActivity$_14726)/@0x4f85f75 called by com.android.server.wm.WindowStateAnimator.destroySurface:987 com.android.server.wm.WindowStateAnimator.destroySurfaceLocked:518 com.android.server.wm.WindowState.destroySurfaceUnchecked:4203 com.android.server.wm.WindowState.destroySurface:4177 com.android.server.wm.ActivityRecord.destroySurfaces:5789 com.android.server.wm.ActivityRecord.destroySurfaces:5770 com.android.server.wm.ActivityRecord.notifyAppStopped:5834 com.android.server.wm.ActivityRecord.activityStopped:6454 
02-20 23:16:29.903   628   628 I Layer   : id=4921 removeFromCurrentState com.android.todolist/com.android.todolist.MainActivity$_14726#0 (133)
02-20 23:16:29.903   628   628 I SurfaceFlinger: id=4921 Removed com.android.todolist/com.android.todolist.MainActivity$_14726#0 (133)
02-20 23:16:29.904   628   628 I Layer   : id=4921 Destroyed com.android.todolist/com.android.todolist.MainActivity$_14726#0
02-20 23:16:29.976   944  1022 D SGM:GameManager: identifyForegroundApp. com.android.todolist, mCurrentUserId: 0, callerUserId: 0
02-20 23:16:29.976   944  1022 D SGM:PkgDataHelper: getGamePkgData(). com.android.todolist
02-20 23:16:30.560 14726 14726 I IMM_LC  : ssi() - flag : 1 view : com.android.todolist reason = SHOW_SOFT_INPUT
02-20 23:16:30.581  4247  4247 I HBD     : HoneyBoardService onStartInputView : restarting = false, client = com.android.todolist 
02-20 23:16:30.598   944  3770 D ContentCapturePerUserService: Notified activity assist data for activity: Token{a8f73cf ActivityRecord{577915c u0 com.android.todolist/.ListActivity t239}} without a session Id
02-20 23:16:30.658 14726 14726 D InsetsSourceConsumer: setRequestedVisible: visible=true, type=19, host=com.android.todolist/com.android.todolist.ListActivity, from=android.view.InsetsSourceConsumer.show:235 android.view.InsetsController.showDirectly:1488 android.view.InsetsController.controlAnimationUnchecked:1136 android.view.InsetsController.applyAnimation:1455 android.view.InsetsController.applyAnimation:1436 android.view.InsetsController.show:975 android.view.ViewRootImpl$ViewRootHandler.handleMessageImpl:6345 android.view.ViewRootImpl$ViewRootHandler.handleMessage:6270 android.os.Handler.dispatchMessage:106 android.os.Looper.loopOnce:226 
02-20 23:16:30.660   944  3770 D InsetsSourceProvider: updateVisibility: serverVisible=true, clientVisible=true, source=InsetsSource: {mType=ITYPE_IME, mFrame=[0,1220][1080,2280], mVisible=true, mWindowFrame=[0,0][0,0]}, controlTarget=Window{fb95e84 u0 com.android.todolist/com.android.todolist.ListActivity}, from=com.android.server.wm.ImeInsetsSourceProvider.updateVisibility:89 com.android.server.wm.InsetsSourceProvider.setClientVisible:428 com.android.server.wm.InsetsSourceProvider.updateClientVisibility:413 com.android.server.wm.InsetsStateController.onInsetsModified:457 com.android.server.wm.InsetsPolicy.onInsetsModified:510 com.android.server.wm.Session.insetsModified:704 android.view.IWindowSession$Stub.onTransact:1256 com.android.server.wm.Session.onTransact:176 android.os.Binder.execTransactInternal:1220 android.os.Binder.execTransact:1179 
02-20 23:16:30.696 24007 24007 I SS:HintsMappingManager: getEntityTypeFromResourceMap map: com.android.todolist.ListActivity_com.android.todolist_newItem, value: null
02-20 23:16:30.710   628   628 D SurfaceFlinger:      DEVICE | 0x6d894e4f70 | 0102 | RGBA_8888    |    0.0    0.0 1080.0 2280.0 |    0    0 1080 2280 | com.android.todolist/com.android.todolist.ListActivity$_14726#0
02-20 23:16:31.276   944  3770 W NotificationService: Toast already killed. pkg=com.android.todolist token=android.os.BinderProxy@51a625e
02-20 23:16:31.798   628   628 D SurfaceFlinger:      DEVICE | 0x6d894eabb0 | 0102 | RGBA_8888    |    0.0    0.0 1080.0 2280.0 |    0    0 1080 2280 | com.android.todolist/com.android.todolist.ListActivity$_14726#0
02-20 23:16:31.849 14726 14726 D InsetsSourceConsumer: setRequestedVisible: visible=false, type=19, host=com.android.todolist/com.android.todolist.ListActivity, from=android.view.InsetsSourceConsumer.hide:242 android.view.ImeInsetsSourceConsumer.hide:68 android.view.ImeInsetsSourceConsumer.hide:74 android.view.InsetsController.hideDirectly:1472 android.view.InsetsController.controlAnimationUnchecked:1138 android.view.InsetsController.applyAnimation:1455 android.view.InsetsController.applyAnimation:1436 android.view.InsetsController.hide:1005 android.view.ViewRootImpl$ViewRootHandler.handleMessageImpl:6349 android.view.ViewRootImpl$ViewRootHandler.handleMessage:6270 
02-20 23:16:31.849   944  3719 D InsetsSourceProvider: updateVisibility: serverVisible=true, clientVisible=false, source=InsetsSource: {mType=ITYPE_IME, mFrame=[0,1220][1080,2280], mVisible=false, mWindowFrame=[0,0][0,0]}, controlTarget=Window{fb95e84 u0 com.android.todolist/com.android.todolist.ListActivity}, from=com.android.server.wm.ImeInsetsSourceProvider.updateVisibility:89 com.android.server.wm.InsetsSourceProvider.setClientVisible:428 com.android.server.wm.InsetsSourceProvider.updateClientVisibility:413 com.android.server.wm.InsetsStateController.onInsetsModified:457 com.android.server.wm.InsetsPolicy.onInsetsModified:510 com.android.server.wm.Session.insetsModified:704 android.view.IWindowSession$Stub.onTransact:1256 com.android.server.wm.Session.onTransact:176 android.os.Binder.execTransactInternal:1220 android.os.Binder.execTransact:1179 
02-20 23:16:32.081   628   628 D SurfaceFlinger:      DEVICE | 0x6d894e4f70 | 0102 | RGBA_8888    |    0.0    0.0 1080.0 2280.0 |    0    0 1080 2280 | com.android.todolist/com.android.todolist.ListActivity$_14726#0
02-20 23:16:32.311   944  1022 D SGM:GameManager: identifyForegroundApp. com.android.todolist, mCurrentUserId: 0, callerUserId: 0
02-20 23:16:32.311   944  1022 D SGM:PkgDataHelper: getGamePkgData(). com.android.todolist
02-20 23:16:33.801   944  1179 I ActivityTaskManager: START u0 {cmp=com.android.todolist/.MainActivity} from uid 10485
02-20 23:16:33.801   944  1179 D ActivityTaskManager: TaskLaunchParamsModifier:task=null activity=ActivityRecord{cd701e6 u0 com.android.todolist/.MainActivity display-area-from-source=DefaultTaskDisplayArea@186357010 display-id=0 display-windowing-mode=1 suggested-display-area=DefaultTaskDisplayArea@186357010
02-20 23:16:33.802   944  1179 D ActivityTaskManager: TaskLaunchParamsModifier:task=Task{82dafe1 #239 type=standard A=10485:com.android.todolist U=0 visible=true mode=fullscreen translucent=false sz=2} activity=ActivityRecord{cd701e6 u0 com.android.todolist/.MainActivity t-1} display-area-from-source=DefaultTaskDisplayArea@186357010 display-id=0 display-windowing-mode=1 suggested-display-area=DefaultTaskDisplayArea@186357010 inherit-from-source=fullscreen activity-options-fullscreen=Rect(0, 0 - 0, 0) non-freeform-display display-area=DefaultTaskDisplayArea@186357010 maximized-bounds
02-20 23:16:33.803   628   644 I SurfaceFlinger: id=5012 createSurf (0x0),-1 flag=80004, ActivityRecord{cd701e6 u0 com.android.todolist/.MainActivity t239}#0
02-20 23:16:33.810   944  1179 D MARsPolicyManager: onPackageResumedFG pkgName = com.android.todolist, userId = 0
02-20 23:16:33.810   944  1179 D WindowManager: rotationForOrientation, orientationSource=ActivityRecord{cd701e6 u0 com.android.todolist/.MainActivity t239}
02-20 23:16:33.810   944  1179 D WindowManager: rotationForOrientation, orientationSource=ActivityRecord{cd701e6 u0 com.android.todolist/.MainActivity t239}
02-20 23:16:33.811   944  1179 D WindowManager: rotationForOrientation, orientationSource=ActivityRecord{cd701e6 u0 com.android.todolist/.MainActivity t239}
02-20 23:16:33.811   944  1179 D SGM:PkgDataHelper: notifyAppCreate(), pkgName: com.android.todolist, userId: 0, sendRet: true
02-20 23:16:33.811   944  1184 D SGM:GameManager: onLooperPrepared(), msg: MSG_APP_CREATE, pkgName: com.android.todolist, userId: 0
02-20 23:16:33.812   944  1179 V WindowManager: Changing focus from Window{fb95e84 u0 com.android.todolist/com.android.todolist.ListActivity} to null displayId=0 Callers=com.android.server.wm.RootWindowContainer.updateFocusedWindowLocked:582 com.android.server.wm.WindowManagerService.updateFocusedWindowLocked:6425 com.android.server.wm.ActivityTaskManagerService.setResumedActivityUncheckLocked:5449 com.android.server.wm.Task.onActivityStateChanged:2872 
02-20 23:16:33.815   944  1022 D SGM:GameManager: notePauseComponent(), received pkgName: com.android.todolist, userId: 0
02-20 23:16:33.831   944  1022 I GameSDK@LifeCycle: noteResumeComponent(): package name  : com.android.todolist
02-20 23:16:33.832   944  1022 D SGM:GameManager: noteResumeComponent(), received pkgName: com.android.todolist, userId: 0
02-20 23:16:33.832   944  1184 D SGM:GameManager: onLooperPrepared(), msg: MSG_APP_RESUME, pkgName: com.android.todolist, userid: 0
02-20 23:16:33.832   944  1184 D SGM:GameManager:   handleResume(). pkgName: com.android.todolist, userId: 0, isTunableApp: null
02-20 23:16:33.832   944  1184 D SGM:GameManager: notifyFocusInOut(). of pkg: com.android.todolist, type: 4, isMinimized: false, isTunableApp: false, userId: 0
02-20 23:16:33.846   944  1774 D InputDispatcher: Focus left window (0): fb95e84 com.android.todolist/com.android.todolist.ListActivity
02-20 23:16:33.849 14726 14726 I MSHandlerLifeCycle: isMultiSplitHandlerRequested: ignored. pkg=com.android.todolist parent=null callers=com.android.internal.policy.DecorView.setVisibility:4224 android.app.ActivityThread.handleResumeActivity:5294 android.app.servertransaction.ResumeActivityItem.execute:54 android.app.servertransaction.ActivityTransactionItem.execute:45 android.app.servertransaction.TransactionExecutor.executeLifecycleState:176 
02-20 23:16:33.853   628  3402 I SurfaceFlinger: id=5013 createSurf (0x0),-1 flag=80004, b1bfe79 com.android.todolist/com.android.todolist.MainActivity#0
02-20 23:16:33.870   944  1774 V WindowManager: Relayout Window{b1bfe79 u0 com.android.todolist/com.android.todolist.MainActivity}: viewVisibility=0 req=1080x2280 d0
02-20 23:16:33.871   628  1078 I SurfaceFlinger: id=5014 createSurf (1x1),-3 flag=40004, com.android.todolist/com.android.todolist.MainActivity$_14726#0
02-20 23:16:33.871   944  1774 D WindowManager: makeSurface duration=1 name=com.android.todolist/com.android.todolist.MainActivity$_14726
02-20 23:16:33.873   944  1774 V WindowManager: Changing focus from null to Window{b1bfe79 u0 com.android.todolist/com.android.todolist.MainActivity} displayId=0 Callers=com.android.server.wm.RootWindowContainer.updateFocusedWindowLocked:582 com.android.server.wm.WindowManagerService.updateFocusedWindowLocked:6425 com.android.server.wm.WindowManagerService.relayoutWindow:2746 com.android.server.wm.Session.relayout:242 
02-20 23:16:33.897   944  1179 D InputDispatcher: Focus request (0): b1bfe79 com.android.todolist/com.android.todolist.MainActivity but waiting because NOT_VISIBLE
