02-20 23:11:54.740   944  1023 I WindowManager:   taskInfo=TaskInfo{userId=0 taskId=239 displayId=0 isRunning=true baseIntent=Intent { act=android.intent.action.MAIN cat=[android.intent.category.LAUNCHER] flg=0x10200000 cmp=com.android.todolist/.MainActivity } baseActivity=ComponentInfo{com.android.todolist/com.android.todolist.MainActivity} topActivity=ComponentInfo{com.android.todolist/com.android.todolist.MainActivity} origActivity=null realActivity=ComponentInfo{com.android.todolist/com.android.todolist.MainActivity} numActivities=1 lastActiveTime=82665146 supportsSplitScreenMultiWindow=true supportsMultiWindow=true resizeMode=1 isResizeable=true token=WCT{RemoteToken{9adf87 Task{82dafe1 #239 type=standard A=10485:com.android.todolist U=0 visible=true mode=fullscreen translucent=false sz=1}}} topActivityType=1 pictureInPictureParams=PictureInPictureParams( aspectRatio=null sourceRectHint=null hasSetActions=false isAutoPipEnabled=false isSeamlessResizeEnabled=true) displayCutoutSafeInsets=Rect(0, 116 - 0, 0) topActivityInfo=ActivityInfo{b767eb4 com.android.todolist.MainActivity} launchCookies=[android.os.BinderProxy@f46fadd] positionInParent=Point(0, 0) parentTaskId=-1 isFocused=false isVisible=true topActivityInSizeCompat=false locusId= null topLaunchHome=false launchSplitWindowingMode=0 isPairTask=false pairedTaskIds=[] pairWindowingMode=0 pairDockSide=0 isAnimatingByRecent=false originallySupportedSplitScreen=true isAnimatingFreeformToFullscreen=false topActivityInFixedAspectRatio=false}
02-20 23:11:54.768   628   628 D SurfaceFlinger:      CLIENT | 0x6d894ea610 | 0100 | RGBA_8888    |    0.0  596.0 1080.0 1723.0 |  329 1091  498 1268 | Splash Screen com.android.todolist$_1371#0
02-20 23:11:54.771 14726 14726 E USNET   : USNET: appName: com.android.todolist
02-20 23:11:54.786   944  2875 I ActivityManager: DSS OFF for com.android.todolist
02-20 23:11:54.790   944  2875 I DexController: getTaskHasActivityIsWaitingToRun: r=ActivityRecord{e8a9548 u0 com.android.todolist/.MainActivity t239}, app=ProcessRecord{fb73bbc 14726:com.android.todolist/u0a485}
02-20 23:11:54.790   944  2875 D ActivityManager: attachApplicationLocked() app=ProcessRecord{fb73bbc 14726:com.android.todolist/u0a485} app.isolatedEntryPoint=null instr2=null
02-20 23:11:54.791   944  2875 D WindowManager: rotationForOrientation, orientationSource=ActivityRecord{e8a9548 u0 com.android.todolist/.MainActivity t239}
02-20 23:11:54.792   944  1184 D SGM:GameManager: onLooperPrepared(), msg: MSG_APP_CREATE, pkgName: com.android.todolist, userId: 0
02-20 23:11:54.792   944  2875 D SGM:PkgDataHelper: notifyAppCreate(), pkgName: com.android.todolist, userId: 0, sendRet: true
02-20 23:11:54.792   944  2875 D MARsPolicyManager: onPackageResumedFG pkgName = com.android.todolist, userId = 0
02-20 23:11:54.793   944  2875 D SGM:GameManager:   sendRunningComponentFocus(), pkgName: com.android.todolist, userId: 0
02-20 23:11:54.793   944  1184 D SGM:GameManager: onLooperPrepared(), msg: MSG_TASK_FOCUSED, pkgName: com.android.todolist, userId: 0
02-20 23:11:54.793   944  1184 D SGM:GameManager:   handleTaskFocused(), pkgName: com.android.todolist, userID:0
02-20 23:11:54.793   944  1184 D SGM:GameManager:   handleResume(). pkgName: com.android.todolist, userId: 0, isTunableApp: null
02-20 23:11:54.793   944  1184 D SGM:GameManager: notifyFocusInOut(). of pkg: com.android.todolist, type: 4, isMinimized: false, isTunableApp: false, userId: 0
02-20 23:11:54.795   944  1183 V ActivityManager: Changed top to ProcessRecord{fb73bbc 14726:com.android.todolist/u0a485}
02-20 23:11:54.810   944  1022 I GameSDK@LifeCycle: noteResumeComponent(): package name  : com.android.todolist
02-20 23:11:54.812   944  1022 D SGM:GameManager: identifyGamePackage. com.android.todolist, mCurrentUserId: 0, callerUserId: 0, callingMethodInfo: com.samsung.android.game.SemGameManager.isGamePackage(SemGameManager.java:104)
02-20 23:11:54.812   944  1022 D SGM:PkgDataHelper: getGamePkgData(). com.android.todolist
02-20 23:11:54.812   944  1022 D SGM:SemGameManager: isGamePackage(), pkgName=com.android.todolist, ret=false
02-20 23:11:54.812 14726 14726 D ActivityThread: handleBindApplication()++ app=com.android.todolist
02-20 23:11:54.812   944  1022 D SGM:GameManager: noteResumeComponent(), received pkgName: com.android.todolist, userId: 0
02-20 23:11:54.812   944  1184 D SGM:GameManager: onLooperPrepared(), msg: MSG_APP_RESUME, pkgName: com.android.todolist, userid: 0
02-20 23:11:54.812   944  1184 D SGM:GameManager:   handleResume(). pkgName: com.android.todolist, userId: 0, isTunableApp: null
02-20 23:11:54.812   944  1184 D SGM:GameManager: notifyFocusInOut(). of pkg: com.android.todolist, type: 4, isMinimized: false, isTunableApp: false, userId: 0
02-20 23:11:54.813   944  1022 D SGM:GameManager: identifyGamePackage. com.android.todolist, mCurrentUserId: 0, callerUserId: 0, callingMethodInfo: com.android.server.ssrm.fgapps.GameAppUtils.isGame(GameAppUtils.java:84)
02-20 23:11:54.813   944  1022 D SGM:PkgDataHelper: getGamePkgData(). com.android.todolist
02-20 23:11:54.813   944  1022 D SGM:GameManager: identifyGamePackage. com.android.todolist, mCurrentUserId: 0, callerUserId: 0, callingMethodInfo: com.android.server.ssrm.SortingMachine.isGame(SortingMachine.java:162)
02-20 23:11:54.813   944  1022 D SGM:PkgDataHelper: getGamePkgData(). com.android.todolist
02-20 23:11:54.889 14726 14726 V GraphicsEnvironment: ANGLE Developer option for 'com.android.todolist' set to: 'default'
02-20 23:11:54.894 14726 14726 D LoadedApk: LoadedApk::makeApplication() appContext.mOpPackageName=com.android.todolist appContext.mBasePackageName=com.android.todolist
02-20 23:11:54.929   944  1440 D MdnieScenarioControlService:  packageName : com.android.todolist    className : com.android.todolist.MainActivity
02-20 23:11:55.007   944  1270 W SemWifiTransportLayerUtils: getApplicationCategory - IOException com.android.todolist
02-20 23:11:55.007   944  1270 W System.err: java.io.FileNotFoundException: https://play.google.com/store/apps/details?id=com.android.todolist&hl=en
02-20 23:11:55.102   944  2875 D WindowManager: 	container=Task{82dafe1 #239 type=standard A=10485:com.android.todolist U=0 visible=true mode=fullscreen translucent=false sz=1}
02-20 23:11:55.112   628   628 D SurfaceFlinger:      DEVICE | 0x6d894ea610 | 0100 | RGBA_8888    |    0.0    0.0 1080.0 2280.0 |    0    0 1080 2280 | Splash Screen com.android.todolist$_1371#0
02-20 23:11:55.142 14726 14726 I MSHandlerLifeCycle: isMultiSplitHandlerRequested: ignored. pkg=com.android.todolist parent=null callers=com.android.internal.policy.DecorView.setVisibility:4224 android.app.ActivityThread.handleResumeActivity:5294 android.app.servertransaction.ResumeActivityItem.execute:54 android.app.servertransaction.ActivityTransactionItem.execute:45 android.app.servertransaction.TransactionExecutor.executeLifecycleState:176 
02-20 23:11:55.157   628  1078 I SurfaceFlinger: id=4920 createSurf (0x0),-1 flag=80004, 6851575 com.android.todolist/com.android.todolist.MainActivity#0
02-20 23:11:55.184   944  2875 V WindowManager: Relayout Window{6851575 u0 com.android.todolist/com.android.todolist.MainActivity}: viewVisibility=0 req=1080x2280 d0
02-20 23:11:55.184   628  3402 I SurfaceFlinger: id=4921 createSurf (1x1),-3 flag=40004, com.android.todolist/com.android.todolist.MainActivity$_14726#0
02-20 23:11:55.185   944  2875 D WindowManager: makeSurface duration=1 name=com.android.todolist/com.android.todolist.MainActivity$_14726
02-20 23:11:55.186   944  2875 V WindowManager: Changing focus from null to Window{6851575 u0 com.android.todolist/com.android.todolist.MainActivity} displayId=0 Callers=com.android.server.wm.RootWindowContainer.updateFocusedWindowLocked:582 com.android.server.wm.WindowManagerService.updateFocusedWindowLocked:6425 com.android.server.wm.WindowManagerService.relayoutWindow:2746 com.android.server.wm.Session.relayout:242 
02-20 23:11:55.211   944  3770 D InputDispatcher: Focus request (0): 6851575 com.android.todolist/com.android.todolist.MainActivity but waiting because NOT_VISIBLE
02-20 23:11:55.298   944  2875 D WindowManager: finishDrawingWindow: Window{6851575 u0 com.android.todolist/com.android.todolist.MainActivity} mDrawState=DRAW_PENDING
02-20 23:11:55.300   944  1023 I WindowManager: Reparenting to leash, surface=Surface(name=6851575 com.android.todolist/com.android.todolist.MainActivity)/@0xfa09f62, leashParent=Surface(name=ActivityRecord{e8a9548 u0 com.android.todolist/.MainActivity t239})/@0xfbfe8f3
02-20 23:11:55.300   628   643 I SurfaceFlinger: id=4924 createSurf (0x0),-1 flag=24000, Surface(name=6851575 com.android.todolist/com.android.todolist.MainActivity)/@0xfa09f62 - animation-leash of starting_reveal#0
02-20 23:11:55.301   944  1023 D WindowManager: makeSurface duration=1 leash=Surface(name=Surface(name=6851575 com.android.todolist/com.android.todolist.MainActivity)/@0xfa09f62 - animation-leash of starting_reveal)/@0xca269b0
02-20 23:11:55.302   944  1019 I PkgPredictorService-SecIpmManagerServiceImpl: reportToNAP uid:10485 com.android.todolist/com.android.todolist.MainActivity thisTime:624
02-20 23:11:55.305   944  2706 D PkgPredictorService-IpmAdcpController: com.android.todolist become forground, dex profile begin
02-20 23:11:55.310   944  1019 I ActivityTaskManager: Displayed com.android.todolist/.MainActivity: +624ms
02-20 23:11:55.310   944  1019 I Pageboost: Launch time gathered : pid 14726 com.android.todolist 624
02-20 23:11:55.311   944  2875 D InputDispatcher: Focus entered window (0): 6851575 com.android.todolist/com.android.todolist.MainActivity
02-20 23:11:55.314   628   628 D SurfaceFlinger:      DEVICE | 0x6d894d9150 | 0102 | RGBA_8888    |    0.0    0.0 1080.0 2280.0 |    0    0 1080 2280 | com.android.todolist/com.android.todolist.MainActivity$_14726#0
02-20 23:11:55.314   628   628 D SurfaceFlinger:      DEVICE | 0x6d894ea610 | 0100 | RGBA_8888    |    0.0    0.0 1080.0 2280.0 |    0    0 1080 2280 | Splash Screen com.android.todolist$_1371#0
02-20 23:11:55.361 19939 20500 I SAMSUNGPAY: [Hint_tp0] isHomePackageRunning topPkgName = com.android.todolist, topClsName = com.android.todolist.MainActivity, return false , se : false
02-20 23:11:55.370   944  3770 V WindowManager: Relayout Window{ca6d38d u0 Splash Screen com.android.todolist}: viewVisibility=8 req=1080x2280 d0
02-20 23:11:55.371   944  3770 I WindowManager: Reparenting to leash, surface=Surface(name=ca6d38d Splash Screen com.android.todolist)/@0x5655d7d, leashParent=Surface(name=ActivityRecord{e8a9548 u0 com.android.todolist/.MainActivity t239})/@0xfbfe8f3
02-20 23:11:55.371   628   643 I SurfaceFlinger: id=4926 createSurf (0x0),-1 flag=24000, Surface(name=ca6d38d Splash Screen com.android.todolist)/@0x5655d7d - animation-leash of window_animation#0
02-20 23:11:55.372   944  3770 D WindowManager: makeSurface duration=2 leash=Surface(name=Surface(name=ca6d38d Splash Screen com.android.todolist)/@0x5655d7d - animation-leash of window_animation)/@0xa531472
02-20 23:11:55.379   944  2875 I WindowManager: Cancelling animation restarting=false, leash=Surface(name=Surface(name=6851575 com.android.todolist/com.android.todolist.MainActivity)/@0xfa09f62 - animation-leash of starting_reveal)/@0xca269b0
02-20 23:11:55.380   944  2875 I WindowManager: Reparenting to original parent: Surface(name=ActivityRecord{e8a9548 u0 com.android.todolist/.MainActivity t239})/@0xfbfe8f3, destroy=false, surface=Surface(name=6851575 com.android.todolist/com.android.todolist.MainActivity)/@0xfa09f62
02-20 23:11:55.380   944  2875 W InputManager-JNI: Input channel object 'ca6d38d Splash Screen com.android.todolist (client)' was disposed without first being removed with the input manager!
02-20 23:11:55.386 19939 20500 I SAMSUNGPAY: [Hint_tp0] isHomePackageRunning topPkgName = com.android.todolist, topClsName = com.android.todolist.MainActivity, return false , se : false
02-20 23:11:55.393   628   628 I Layer   : id=4924 removeFromCurrentState Surface(name=6851575 com.android.todolist/com.android.todolist.MainActivity)/@0xfa09f62 - animation-leash of starting_reveal#0 (139)
02-20 23:11:55.426   944  1023 I WindowManager: Reparenting to original parent: Surface(name=ActivityRecord{e8a9548 u0 com.android.todolist/.MainActivity t239})/@0xfbfe8f3, destroy=true, surface=Surface(name=ca6d38d Splash Screen com.android.todolist)/@0x5655d7d
02-20 23:11:55.428   944  1023 E WindowManager: win=Window{ca6d38d u0 Splash Screen com.android.todolist EXITING} destroySurfaces: appStopped=false win.mWindowRemovalAllowed=true win.mRemoveOnExit=true win.mViewVisibility=8 caller=com.android.server.wm.ActivityRecord.destroySurfaces:5789 com.android.server.wm.ActivityRecord.destroySurfaces:5770 com.android.server.wm.WindowState.onExitAnimationDone:5932 com.android.server.wm.WindowStateAnimator.onAnimationFinished:242 com.android.server.wm.WindowState.onAnimationFinished:6185 com.android.server.wm.WindowContainer$$ExternalSyntheticLambda0.onAnimationFinished:2 com.android.server.wm.SurfaceAnimator.lambda$getFinishedCallback$0$SurfaceAnimator:113 
02-20 23:11:55.428   944  1023 I WindowManager: Destroying surface Surface(name=Splash Screen com.android.todolist$_1371)/@0x3ba05be called by com.android.server.wm.WindowStateAnimator.destroySurface:987 com.android.server.wm.WindowStateAnimator.destroySurfaceLocked:518 com.android.server.wm.WindowState.destroySurfaceUnchecked:4203 com.android.server.wm.WindowState.destroySurface:4177 com.android.server.wm.ActivityRecord.destroySurfaces:5789 com.android.server.wm.ActivityRecord.destroySurfaces:5770 com.android.server.wm.WindowState.onExitAnimationDone:5932 com.android.server.wm.WindowStateAnimator.onAnimationFinished:242 
02-20 23:11:55.443   628   628 I Layer   : id=4914 removeFromCurrentState Splash Screen com.android.todolist$_1371#0 (137)
02-20 23:11:55.443   628   628 I Layer   : id=4913 removeFromCurrentState ca6d38d Splash Screen com.android.todolist#0 (137)
02-20 23:11:55.443   628   628 I Layer   : id=4926 removeFromCurrentState Surface(name=ca6d38d Splash Screen com.android.todolist)/@0x5655d7d - animation-leash of window_animation#0 (137)
02-20 23:11:55.443   628   628 I SurfaceFlinger: id=4913 Removed ca6d38d Splash Screen com.android.todolist#0 (137)
02-20 23:11:55.443   628   628 I SurfaceFlinger: id=4914 Removed Splash Screen com.android.todolist$_1371#0 (137)
02-20 23:11:55.443   628   628 I SurfaceFlinger: id=4926 Removed Surface(name=ca6d38d Splash Screen com.android.todolist)/@0x5655d7d - animation-leash of window_animation#0 (137)
02-20 23:11:55.443   628   628 I Layer   : id=4926 Destroyed Surface(name=ca6d38d Splash Screen com.android.todolist)/@0x5655d7d - animation-leash of window_animation#0
02-20 23:11:55.443   628   628 I Layer   : id=4913 Destroyed ca6d38d Splash Screen com.android.todolist#0
02-20 23:11:55.445   628   628 I Layer   : id=4914 Destroyed Splash Screen com.android.todolist$_1371#0
02-20 23:11:55.447   628   628 D SurfaceFlinger:      DEVICE | 0x6d894e8b10 | 0102 | RGBA_8888    |    0.0    0.0 1080.0 2280.0 |    0    0 1080 2280 | com.android.todolist/com.android.todolist.MainActivity$_14726#0
02-20 23:11:55.515   944  1440 D MdnieScenarioControlService:  packageName : com.android.todolist    className : com.android.todolist.MainActivity
02-20 23:11:55.851   944  1022 D SGM:GameManager: identifyForegroundApp. com.android.todolist, mCurrentUserId: 0, callerUserId: 0
02-20 23:11:55.851   944  1022 D SGM:PkgDataHelper: getGamePkgData(). com.android.todolist
02-20 23:11:58.233   944  7447 D SGM:GameManager: identifyGamePackage. com.android.todolist, mCurrentUserId: 0, callerUserId: 0, callingMethodInfo: com.android.server.ssrm.SortingMachine.isGame(SortingMachine.java:162)
02-20 23:11:58.233   944  7447 D SGM:PkgDataHelper: getGamePkgData(). com.android.todolist
02-20 23:11:59.841   944  1319 I Pageboost: db update :com.android.todolist ret 1
02-20 23:11:59.998   944  1319 I Pageboost: memUsage collected : 43106 9879 0 for com.android.todolist 14726
02-20 23:12:00.817   944  7447 D SGM:GameManager: identifyGamePackage. com.android.todolist, mCurrentUserId: 0, callerUserId: 0, callingMethodInfo: com.android.server.ssrm.SortingMachine.isGame(SortingMachine.java:162)
02-20 23:12:00.817   944  7447 D SGM:PkgDataHelper: getGamePkgData(). com.android.todolist
02-20 23:12:02.992   944  2672 D PkgPredictorService-IpmNapPreloadController: app:0_&_com.android.settings die, remove from <launchTime:2022-02-20 23:11:54 hour:23 day:1 previous:[com.android.todolist, com.ghisler.android.TotalCommander, com.android.settings] running:com.android.todolist/com.android.todolist.MainActivity apkVersion:1.0 userId:0 screenOrientation:1 wifi:3 bt:10 predictTime:1 launching Time:624 predicted:false prediction:[0_&_org.telegram.messenger, 0_&_com.android.settings, 0_&_com.instagram.android] preloaded:false preloading:[0_&_org.telegram.messenger, 0_&_com.android.settings, 0_&_com.instagram.android]>
02-20 23:12:03.322 14726 14726 D [secipm]: mSecIpmManager setProfileLength com.android.todolist profile:4464
02-20 23:12:03.327   944  2660 D PkgPredictorService-IpmAdcpController:  prepare a new task for pkg:com.android.todolist dex2oat
02-20 23:12:03.327   944 14894 I PkgPredictorService-IpmAdcpController:  start a thread to run dex2oat task for pkg:com.android.todolist
02-20 23:12:03.333   944 14894 I PackageDexOptimizer: Running dexopt (dexoptNeeded=1) on: /data/app/~~NmlSg-it2Pqyfhfu971jQg==/com.android.todolist-uiMEd6lPwYg5xXTrPAbpcQ==/base.apk pkg=com.android.todolist isa=arm64 dexoptFlags=boot_complete,debuggable,public,enable_hidden_api_checks targetFilter=verify oatDir=/data/app/~~NmlSg-it2Pqyfhfu971jQg==/com.android.todolist-uiMEd6lPwYg5xXTrPAbpcQ==/oat classLoaderContext=PCL[]{PCL[/system/framework/android.test.base.jar]} async=false
02-20 23:12:03.344   737   754 V installd: DexInv: --- BEGIN '/data/app/~~NmlSg-it2Pqyfhfu971jQg==/com.android.todolist-uiMEd6lPwYg5xXTrPAbpcQ==/base.apk' ---
02-20 23:12:03.344   737   754 V installd: Running /apex/com.android.art/bin/dex2oat32 in=base.apk out=/data/app/~~NmlSg-it2Pqyfhfu971jQg==/com.android.todolist-uiMEd6lPwYg5xXTrPAbpcQ==/oat/arm64/base.odex
02-20 23:12:03.417 14897 14897 I dex2oat32: /apex/com.android.art/bin/dex2oat32 --input-vdex-fd=-1 --output-vdex-fd=10 --classpath-dir=/data/app/~~NmlSg-it2Pqyfhfu971jQg==/com.android.todolist-uiMEd6lPwYg5xXTrPAbpcQ== --class-loader-context=PCL[]{PCL[/system/framework/android.test.base.jar]} --compiler-filter=verify --compilation-reason=adcp --max-image-block-size=524288 --resolve-startup-const-strings=true --debuggable --generate-mini-debug-info -j6
02-20 23:12:04.725   737   754 V installd: DexInv: --- END '/data/app/~~NmlSg-it2Pqyfhfu971jQg==/com.android.todolist-uiMEd6lPwYg5xXTrPAbpcQ==/base.apk' (success) ---
02-20 23:13:20.708   628  1078 I SurfaceFlinger: id=4924 Removed Surface(name=6851575 com.android.todolist/com.android.todolist.MainActivity)/@0xfa09f62 - animation-leash of starting_reveal#0 (134)
02-20 23:13:20.718   628   628 I Layer   : id=4924 Destroyed Surface(name=6851575 com.android.todolist/com.android.todolist.MainActivity)/@0xfa09f62 - animation-leash of starting_reveal#0
02-20 23:15:35.092   628  1078 I SurfaceFlinger: id=4927 createSurf (0x0),-1 flag=80004, eeb9bd3 com.android.todolist/com.android.todolist.MainActivity#0
02-20 23:15:35.112   944  3770 V WindowManager: Changing focus from Window{6851575 u0 com.android.todolist/com.android.todolist.MainActivity} to Window{eeb9bd3 u0 com.android.todolist/com.android.todolist.MainActivity} displayId=0 Callers=com.android.server.wm.RootWindowContainer.updateFocusedWindowLocked:582 com.android.server.wm.WindowManagerService.updateFocusedWindowLocked:6425 com.android.server.wm.WindowManagerService.addWindow:2029 com.android.server.wm.Session.addToDisplayAsUser:211 
02-20 23:15:35.144   944  3719 V WindowManager: Relayout Window{eeb9bd3 u0 com.android.todolist/com.android.todolist.MainActivity}: viewVisibility=0 req=1026x710 d0
02-20 23:15:35.149   628  1078 I SurfaceFlinger: id=4930 createSurf (217x217),-3 flag=40004, com.android.todolist/com.android.todolist.MainActivity$_14726#1
02-20 23:15:35.150   944  3719 D WindowManager: makeSurface duration=2 name=com.android.todolist/com.android.todolist.MainActivity$_14726
02-20 23:15:35.176   944  3719 D InputDispatcher: Focus request (0): eeb9bd3 com.android.todolist/com.android.todolist.MainActivity but waiting because NOT_VISIBLE
02-20 23:15:35.176   944  3719 D InputDispatcher: Focus left window (0): 6851575 com.android.todolist/com.android.todolist.MainActivity
02-20 23:15:35.219   944  3719 D WindowManager: finishDrawingWindow: Window{eeb9bd3 u0 com.android.todolist/com.android.todolist.MainActivity} mDrawState=DRAW_PENDING
02-20 23:15:35.226   944  1023 I WindowManager: Reparenting to leash, surface=Surface(name=eeb9bd3 com.android.todolist/com.android.todolist.MainActivity)/@0x860b24b, leashParent=Surface(name=ActivityRecord{e8a9548 u0 com.android.todolist/.MainActivity t239})/@0xfbfe8f3
02-20 23:15:35.227   628   644 I SurfaceFlinger: id=4931 createSurf (0x0),-1 flag=24004, Surface(name=eeb9bd3 com.android.todolist/com.android.todolist.MainActivity)/@0x860b24b - animation-leash of window_animation#0
02-20 23:15:35.228   944  1023 D WindowManager: makeSurface duration=1 leash=Surface(name=Surface(name=eeb9bd3 com.android.todolist/com.android.todolist.MainActivity)/@0x860b24b - animation-leash of window_animation)/@0x880f428
02-20 23:15:35.244   944  3719 D InputDispatcher: Focus entered window (0): eeb9bd3 com.android.todolist/com.android.todolist.MainActivity
02-20 23:15:35.289   628   628 D SurfaceFlinger:      DEVICE | 0x6d894e8b10 | 0102 | RGBA_8888    |    0.0    0.0 1080.0 2280.0 |    0    0 1080 2280 | com.android.todolist/com.android.todolist.MainActivity$_14726#0
02-20 23:15:35.289   628   628 D SurfaceFlinger:      DEVICE | 0x6d894c7930 | 0100 | RGBA_8888    |   81.0    0.0 1161.0  926.0 |    0  710 1080 1636 | com.android.todolist/com.android.todolist.MainActivity$_14726#1
02-20 23:15:35.393   944  1023 I WindowManager: Reparenting to original parent: Surface(name=ActivityRecord{e8a9548 u0 com.android.todolist/.MainActivity t239})/@0xfbfe8f3, destroy=true, surface=Surface(name=eeb9bd3 com.android.todolist/com.android.todolist.MainActivity)/@0x860b24b
02-20 23:15:35.409   628   628 I Layer   : id=4931 removeFromCurrentState Surface(name=eeb9bd3 com.android.todolist/com.android.todolist.MainActivity)/@0x860b24b - animation-leash of window_animation#0 (131)
02-20 23:15:35.410   628   628 I SurfaceFlinger: id=4931 Removed Surface(name=eeb9bd3 com.android.todolist/com.android.todolist.MainActivity)/@0x860b24b - animation-leash of window_animation#0 (131)
02-20 23:15:35.410   628   628 I Layer   : id=4931 Destroyed Surface(name=eeb9bd3 com.android.todolist/com.android.todolist.MainActivity)/@0x860b24b - animation-leash of window_animation#0
02-20 23:15:35.765   944  1022 D SGM:GameManager: identifyForegroundApp. com.android.todolist, mCurrentUserId: 0, callerUserId: 0
02-20 23:15:35.766   944  1022 D SGM:PkgDataHelper: getGamePkgData(). com.android.todolist
02-20 23:15:37.210 14726 14726 V Toast   : show: caller = com.android.todolist.MainActivity$addNewList$2.invoke:125 
02-20 23:15:37.233   944  3719 W InputManager-JNI: Input channel object 'eeb9bd3 com.android.todolist/com.android.todolist.MainActivity (client)' was disposed without first being removed with the input manager!
02-20 23:15:37.234   944  3719 I WindowManager: Reparenting to leash, surface=Surface(name=eeb9bd3 com.android.todolist/com.android.todolist.MainActivity)/@0x860b24b, leashParent=Surface(name=ActivityRecord{e8a9548 u0 com.android.todolist/.MainActivity t239})/@0xfbfe8f3
02-20 23:15:37.235   628  1078 I SurfaceFlinger: id=4936 createSurf (0x0),-1 flag=24000, Surface(name=eeb9bd3 com.android.todolist/com.android.todolist.MainActivity)/@0x860b24b - animation-leash of window_animation#0
02-20 23:15:37.236   944  3719 D WindowManager: makeSurface duration=2 leash=Surface(name=Surface(name=eeb9bd3 com.android.todolist/com.android.todolist.MainActivity)/@0x860b24b - animation-leash of window_animation)/@0x5455922
02-20 23:15:37.238   944  3719 V WindowManager: removeIfPossible 2, Window{eeb9bd3 u0 com.android.todolist/com.android.todolist.MainActivity}: mAnimatingExit=true caller=com.android.server.wm.WindowState.removeIfPossible:2958 com.android.server.wm.WindowManagerService.removeWindow:2245 com.android.server.wm.Session.remove:225 android.view.IWindowSession$Stub.onTransact:746 com.android.server.wm.Session.onTransact:176 
02-20 23:15:37.240   944  3719 V WindowManager: Changing focus from Window{eeb9bd3 u0 com.android.todolist/com.android.todolist.MainActivity EXITING} to Window{6851575 u0 com.android.todolist/com.android.todolist.MainActivity} displayId=0 Callers=com.android.server.wm.RootWindowContainer.updateFocusedWindowLocked:582 com.android.server.wm.WindowManagerService.updateFocusedWindowLocked:6425 com.android.server.wm.WindowState.setupWindowForRemoveOnExit:3149 com.android.server.wm.WindowState.removeIfPossible:3117 
02-20 23:15:37.250   944  3719 D InputDispatcher: Focus left window (0): eeb9bd3 com.android.todolist/com.android.todolist.MainActivity
02-20 23:15:37.265   944  3719 D InputDispatcher: Focus entered window (0): 6851575 com.android.todolist/com.android.todolist.MainActivity
02-20 23:15:37.358   628   628 D SurfaceFlinger:      DEVICE | 0x6d894d9150 | 0102 | RGBA_8888    |    0.0    0.0 1080.0 2280.0 |    0    0 1080 2280 | com.android.todolist/com.android.todolist.MainActivity$_14726#0
02-20 23:15:37.358   628   628 D SurfaceFlinger:      DEVICE | 0x6d894c7930 | 0100 | RGBA_8888    |   81.0    0.0 1161.0  926.0 |    0  710 1080 1636 | com.android.todolist/com.android.todolist.MainActivity$_14726#1
02-20 23:15:37.398   944  1023 I WindowManager: Reparenting to original parent: Surface(name=ActivityRecord{e8a9548 u0 com.android.todolist/.MainActivity t239})/@0xfbfe8f3, destroy=true, surface=Surface(name=eeb9bd3 com.android.todolist/com.android.todolist.MainActivity)/@0x860b24b
02-20 23:15:37.406   944  1023 E WindowManager: win=Window{eeb9bd3 u0 com.android.todolist/com.android.todolist.MainActivity EXITING} destroySurfaces: appStopped=false win.mWindowRemovalAllowed=true win.mRemoveOnExit=true win.mViewVisibility=0 caller=com.android.server.wm.ActivityRecord.destroySurfaces:5789 com.android.server.wm.ActivityRecord.destroySurfaces:5770 com.android.server.wm.WindowState.onExitAnimationDone:5932 com.android.server.wm.WindowStateAnimator.onAnimationFinished:242 com.android.server.wm.WindowState.onAnimationFinished:6185 com.android.server.wm.WindowContainer$$ExternalSyntheticLambda0.onAnimationFinished:2 com.android.server.wm.SurfaceAnimator.lambda$getFinishedCallback$0$SurfaceAnimator:113 
02-20 23:15:37.406   944  1023 I WindowManager: Destroying surface Surface(name=com.android.todolist/com.android.todolist.MainActivity$_14726)/@0x3790315 called by com.android.server.wm.WindowStateAnimator.destroySurface:987 com.android.server.wm.WindowStateAnimator.destroySurfaceLocked:518 com.android.server.wm.WindowState.destroySurfaceUnchecked:4203 com.android.server.wm.WindowState.destroySurface:4177 com.android.server.wm.ActivityRecord.destroySurfaces:5789 com.android.server.wm.ActivityRecord.destroySurfaces:5770 com.android.server.wm.WindowState.onExitAnimationDone:5932 com.android.server.wm.WindowStateAnimator.onAnimationFinished:242 
02-20 23:15:37.414   628   628 I Layer   : id=4930 removeFromCurrentState com.android.todolist/com.android.todolist.MainActivity$_14726#1 (135)
02-20 23:15:37.414   628   628 I Layer   : id=4927 removeFromCurrentState eeb9bd3 com.android.todolist/com.android.todolist.MainActivity#0 (135)
02-20 23:15:37.414   628   628 I Layer   : id=4936 removeFromCurrentState Surface(name=eeb9bd3 com.android.todolist/com.android.todolist.MainActivity)/@0x860b24b - animation-leash of window_animation#0 (135)
02-20 23:15:37.414   628   628 I SurfaceFlinger: id=4927 Removed eeb9bd3 com.android.todolist/com.android.todolist.MainActivity#0 (135)
02-20 23:15:37.414   628   628 I SurfaceFlinger: id=4930 Removed com.android.todolist/com.android.todolist.MainActivity$_14726#1 (135)
02-20 23:15:37.414   628   628 I SurfaceFlinger: id=4936 Removed Surface(name=eeb9bd3 com.android.todolist/com.android.todolist.MainActivity)/@0x860b24b - animation-leash of window_animation#0 (135)
02-20 23:15:37.415   628   628 I Layer   : id=4936 Destroyed Surface(name=eeb9bd3 com.android.todolist/com.android.todolist.MainActivity)/@0x860b24b - animation-leash of window_animation#0
02-20 23:15:37.415   628   628 I Layer   : id=4927 Destroyed eeb9bd3 com.android.todolist/com.android.todolist.MainActivity#0
02-20 23:15:37.419   628   628 I Layer   : id=4930 Destroyed com.android.todolist/com.android.todolist.MainActivity$_14726#1
02-20 23:15:37.423   628   628 D SurfaceFlinger:      DEVICE | 0x6d894d9150 | 0102 | RGBA_8888    |    0.0    0.0 1080.0 2280.0 |    0    0 1080 2280 | com.android.todolist/com.android.todolist.MainActivity$_14726#0
02-20 23:15:37.815   944  1022 D SGM:GameManager: identifyForegroundApp. com.android.todolist, mCurrentUserId: 0, callerUserId: 0
02-20 23:15:37.815   944  1022 D SGM:PkgDataHelper: getGamePkgData(). com.android.todolist
02-20 23:15:39.259   944  3777 W NotificationService: Toast already killed. pkg=com.android.todolist token=android.os.BinderProxy@d0ad393
02-20 23:15:39.774   628   628 D SurfaceFlinger:      DEVICE | 0x6d894d9150 | 0102 | RGBA_8888    |    0.0    0.0 1080.0 2280.0 |    0    0 1080 2280 | com.android.todolist/com.android.todolist.MainActivity$_14726#0
02-20 23:16:19.514   628  1078 I SurfaceFlinger: id=4945 createSurf (0x0),-1 flag=80004, ce5ec2d com.android.todolist/com.android.todolist.MainActivity#0
02-20 23:16:19.515   944  3770 V WindowManager: Changing focus from Window{6851575 u0 com.android.todolist/com.android.todolist.MainActivity} to Window{ce5ec2d u0 com.android.todolist/com.android.todolist.MainActivity} displayId=0 Callers=com.android.server.wm.RootWindowContainer.updateFocusedWindowLocked:582 com.android.server.wm.WindowManagerService.updateFocusedWindowLocked:6425 com.android.server.wm.WindowManagerService.addWindow:2029 com.android.server.wm.Session.addToDisplayAsUser:211 
02-20 23:16:19.533   944  3770 V WindowManager: Relayout Window{ce5ec2d u0 com.android.todolist/com.android.todolist.MainActivity}: viewVisibility=0 req=1026x710 d0
02-20 23:16:19.533   628  1078 I SurfaceFlinger: id=4948 createSurf (217x217),-3 flag=40004, com.android.todolist/com.android.todolist.MainActivity$_14726#1
02-20 23:16:19.534   944  3770 D WindowManager: makeSurface duration=0 name=com.android.todolist/com.android.todolist.MainActivity$_14726
02-20 23:16:19.557   944  3770 D WindowManager: finishDrawingWindow: Window{ce5ec2d u0 com.android.todolist/com.android.todolist.MainActivity} mDrawState=DRAW_PENDING
02-20 23:16:19.560   944  1023 I WindowManager: Reparenting to leash, surface=Surface(name=ce5ec2d com.android.todolist/com.android.todolist.MainActivity)/@0xeb11f4f, leashParent=Surface(name=ActivityRecord{e8a9548 u0 com.android.todolist/.MainActivity t239})/@0xfbfe8f3
02-20 23:16:19.560   628  3402 I SurfaceFlinger: id=4949 createSurf (0x0),-1 flag=24004, Surface(name=ce5ec2d com.android.todolist/com.android.todolist.MainActivity)/@0xeb11f4f - animation-leash of window_animation#0
02-20 23:16:19.561   944  1023 D WindowManager: makeSurface duration=1 leash=Surface(name=Surface(name=ce5ec2d com.android.todolist/com.android.todolist.MainActivity)/@0xeb11f4f - animation-leash of window_animation)/@0xf0e96dc
02-20 23:16:19.564   944  3770 D InputDispatcher: Focus request (0): ce5ec2d com.android.todolist/com.android.todolist.MainActivity but waiting because NOT_VISIBLE
02-20 23:16:19.564   944  3770 D InputDispatcher: Focus left window (0): 6851575 com.android.todolist/com.android.todolist.MainActivity
02-20 23:16:19.581   944  3719 D InputDispatcher: Focus entered window (0): ce5ec2d com.android.todolist/com.android.todolist.MainActivity
02-20 23:16:19.600   628   628 D SurfaceFlinger:      DEVICE | 0x6d894da8f0 | 0102 | RGBA_8888    |    0.0    0.0 1080.0 2280.0 |    0    0 1080 2280 | com.android.todolist/com.android.todolist.MainActivity$_14726#0
02-20 23:16:19.600   628   628 D SurfaceFlinger:      DEVICE | 0x6d894d5eb0 | 0100 | RGBA_8888    |   81.0    0.0 1161.0  926.0 |    0  710 1080 1636 | com.android.todolist/com.android.todolist.MainActivity$_14726#1
02-20 23:16:19.714   944  1023 I WindowManager: Reparenting to original parent: Surface(name=ActivityRecord{e8a9548 u0 com.android.todolist/.MainActivity t239})/@0xfbfe8f3, destroy=true, surface=Surface(name=ce5ec2d com.android.todolist/com.android.todolist.MainActivity)/@0xeb11f4f
02-20 23:16:19.730   628   628 I Layer   : id=4949 removeFromCurrentState Surface(name=ce5ec2d com.android.todolist/com.android.todolist.MainActivity)/@0xeb11f4f - animation-leash of window_animation#0 (131)
02-20 23:16:19.730   628   628 I SurfaceFlinger: id=4949 Removed Surface(name=ce5ec2d com.android.todolist/com.android.todolist.MainActivity)/@0xeb11f4f - animation-leash of window_animation#0 (131)
02-20 23:16:19.731   628   628 I Layer   : id=4949 Destroyed Surface(name=ce5ec2d com.android.todolist/com.android.todolist.MainActivity)/@0xeb11f4f - animation-leash of window_animation#0
02-20 23:16:20.087   944  1022 D SGM:GameManager: identifyForegroundApp. com.android.todolist, mCurrentUserId: 0, callerUserId: 0
02-20 23:16:20.087   944  1022 D SGM:PkgDataHelper: getGamePkgData(). com.android.todolist
02-20 23:16:20.244 14726 14726 V Toast   : show: caller = com.android.todolist.MainActivity$addNewList$2.invoke:125 
02-20 23:16:20.255   944  3719 W InputManager-JNI: Input channel object 'ce5ec2d com.android.todolist/com.android.todolist.MainActivity (client)' was disposed without first being removed with the input manager!
02-20 23:16:20.255   944  3719 I WindowManager: Reparenting to leash, surface=Surface(name=ce5ec2d com.android.todolist/com.android.todolist.MainActivity)/@0xeb11f4f, leashParent=Surface(name=ActivityRecord{e8a9548 u0 com.android.todolist/.MainActivity t239})/@0xfbfe8f3
02-20 23:16:20.255   628   643 I SurfaceFlinger: id=4954 createSurf (0x0),-1 flag=24000, Surface(name=ce5ec2d com.android.todolist/com.android.todolist.MainActivity)/@0xeb11f4f - animation-leash of window_animation#0
02-20 23:16:20.257   944  3719 D WindowManager: makeSurface duration=1 leash=Surface(name=Surface(name=ce5ec2d com.android.todolist/com.android.todolist.MainActivity)/@0xeb11f4f - animation-leash of window_animation)/@0x55cb65e
02-20 23:16:20.257   944  3719 V WindowManager: removeIfPossible 2, Window{ce5ec2d u0 com.android.todolist/com.android.todolist.MainActivity}: mAnimatingExit=true caller=com.android.server.wm.WindowState.removeIfPossible:2958 com.android.server.wm.WindowManagerService.removeWindow:2245 com.android.server.wm.Session.remove:225 android.view.IWindowSession$Stub.onTransact:746 com.android.server.wm.Session.onTransact:176 
02-20 23:16:20.259   944  3719 V WindowManager: Changing focus from Window{ce5ec2d u0 com.android.todolist/com.android.todolist.MainActivity EXITING} to Window{6851575 u0 com.android.todolist/com.android.todolist.MainActivity} displayId=0 Callers=com.android.server.wm.RootWindowContainer.updateFocusedWindowLocked:582 com.android.server.wm.WindowManagerService.updateFocusedWindowLocked:6425 com.android.server.wm.WindowState.setupWindowForRemoveOnExit:3149 com.android.server.wm.WindowState.removeIfPossible:3117 
02-20 23:16:20.268   944  3770 D InputDispatcher: Focus left window (0): ce5ec2d com.android.todolist/com.android.todolist.MainActivity
02-20 23:16:20.284   944  3719 D InputDispatcher: Focus entered window (0): 6851575 com.android.todolist/com.android.todolist.MainActivity
02-20 23:16:20.353   628   628 D SurfaceFlinger:      DEVICE | 0x6d894d9150 | 0102 | RGBA_8888    |    0.0    0.0 1080.0 2280.0 |    0    0 1080 2280 | com.android.todolist/com.android.todolist.MainActivity$_14726#0
02-20 23:16:20.353   628   628 D SurfaceFlinger:      DEVICE | 0x6d894e4f70 | 0100 | RGBA_8888    |   81.0    0.0 1161.0  926.0 |    0  710 1080 1636 | com.android.todolist/com.android.todolist.MainActivity$_14726#1
02-20 23:16:20.416   944  1023 I WindowManager: Reparenting to original parent: Surface(name=ActivityRecord{e8a9548 u0 com.android.todolist/.MainActivity t239})/@0xfbfe8f3, destroy=true, surface=Surface(name=ce5ec2d com.android.todolist/com.android.todolist.MainActivity)/@0xeb11f4f
02-20 23:16:20.417   944  1023 E WindowManager: win=Window{ce5ec2d u0 com.android.todolist/com.android.todolist.MainActivity EXITING} destroySurfaces: appStopped=false win.mWindowRemovalAllowed=true win.mRemoveOnExit=true win.mViewVisibility=0 caller=com.android.server.wm.ActivityRecord.destroySurfaces:5789 com.android.server.wm.ActivityRecord.destroySurfaces:5770 com.android.server.wm.WindowState.onExitAnimationDone:5932 com.android.server.wm.WindowStateAnimator.onAnimationFinished:242 com.android.server.wm.WindowState.onAnimationFinished:6185 com.android.server.wm.WindowContainer$$ExternalSyntheticLambda0.onAnimationFinished:2 com.android.server.wm.SurfaceAnimator.lambda$getFinishedCallback$0$SurfaceAnimator:113 
02-20 23:16:20.417   944  1023 I WindowManager: Destroying surface Surface(name=com.android.todolist/com.android.todolist.MainActivity$_14726)/@0xcb5b21a called by com.android.server.wm.WindowStateAnimator.destroySurface:987 com.android.server.wm.WindowStateAnimator.destroySurfaceLocked:518 com.android.server.wm.WindowState.destroySurfaceUnchecked:4203 com.android.server.wm.WindowState.destroySurface:4177 com.android.server.wm.ActivityRecord.destroySurfaces:5789 com.android.server.wm.ActivityRecord.destroySurfaces:5770 com.android.server.wm.WindowState.onExitAnimationDone:5932 com.android.server.wm.WindowStateAnimator.onAnimationFinished:242 
02-20 23:16:20.432   628   628 I Layer   : id=4948 removeFromCurrentState com.android.todolist/com.android.todolist.MainActivity$_14726#1 (135)
02-20 23:16:20.432   628   628 I Layer   : id=4945 removeFromCurrentState ce5ec2d com.android.todolist/com.android.todolist.MainActivity#0 (135)
02-20 23:16:20.432   628   628 I Layer   : id=4954 removeFromCurrentState Surface(name=ce5ec2d com.android.todolist/com.android.todolist.MainActivity)/@0xeb11f4f - animation-leash of window_animation#0 (135)
02-20 23:16:20.432   628   628 I SurfaceFlinger: id=4945 Removed ce5ec2d com.android.todolist/com.android.todolist.MainActivity#0 (135)
02-20 23:16:20.433   628   628 I SurfaceFlinger: id=4948 Removed com.android.todolist/com.android.todolist.MainActivity$_14726#1 (135)
02-20 23:16:20.433   628   628 I SurfaceFlinger: id=4954 Removed Surface(name=ce5ec2d com.android.todolist/com.android.todolist.MainActivity)/@0xeb11f4f - animation-leash of window_animation#0 (135)
02-20 23:16:20.433   628   628 I Layer   : id=4954 Destroyed Surface(name=ce5ec2d com.android.todolist/com.android.todolist.MainActivity)/@0xeb11f4f - animation-leash of window_animation#0
02-20 23:16:20.433   628   628 I Layer   : id=4945 Destroyed ce5ec2d com.android.todolist/com.android.todolist.MainActivity#0
02-20 23:16:20.437   628   628 I Layer   : id=4948 Destroyed com.android.todolist/com.android.todolist.MainActivity$_14726#1
02-20 23:16:20.441   628   628 D SurfaceFlinger:      DEVICE | 0x6d894d9150 | 0102 | RGBA_8888    |    0.0    0.0 1080.0 2280.0 |    0    0 1080 2280 | com.android.todolist/com.android.todolist.MainActivity$_14726#0
02-20 23:16:20.815   944  1022 D SGM:GameManager: identifyForegroundApp. com.android.todolist, mCurrentUserId: 0, callerUserId: 0
02-20 23:16:20.815   944  1022 D SGM:PkgDataHelper: getGamePkgData(). com.android.todolist
02-20 23:16:21.883   628   644 I SurfaceFlinger: id=4962 createSurf (0x0),-1 flag=80004, ab82dd4 com.android.todolist/com.android.todolist.MainActivity#0
02-20 23:16:21.885   944  3770 V WindowManager: Changing focus from Window{6851575 u0 com.android.todolist/com.android.todolist.MainActivity} to Window{ab82dd4 u0 com.android.todolist/com.android.todolist.MainActivity} displayId=0 Callers=com.android.server.wm.RootWindowContainer.updateFocusedWindowLocked:582 com.android.server.wm.WindowManagerService.updateFocusedWindowLocked:6425 com.android.server.wm.WindowManagerService.addWindow:2029 com.android.server.wm.Session.addToDisplayAsUser:211 
02-20 23:16:21.903   944  3770 V WindowManager: Relayout Window{ab82dd4 u0 com.android.todolist/com.android.todolist.MainActivity}: viewVisibility=0 req=1026x710 d0
02-20 23:16:21.904   628  1078 I SurfaceFlinger: id=4965 createSurf (217x217),-3 flag=40004, com.android.todolist/com.android.todolist.MainActivity$_14726#1
02-20 23:16:21.904   944  3770 D WindowManager: makeSurface duration=1 name=com.android.todolist/com.android.todolist.MainActivity$_14726
02-20 23:16:21.928   944  3770 D WindowManager: finishDrawingWindow: Window{ab82dd4 u0 com.android.todolist/com.android.todolist.MainActivity} mDrawState=DRAW_PENDING
02-20 23:16:21.932   944  1023 I WindowManager: Reparenting to leash, surface=Surface(name=ab82dd4 com.android.todolist/com.android.todolist.MainActivity)/@0x506bbbe, leashParent=Surface(name=ActivityRecord{e8a9548 u0 com.android.todolist/.MainActivity t239})/@0xfbfe8f3
02-20 23:16:21.932   628   644 I SurfaceFlinger: id=4966 createSurf (0x0),-1 flag=24004, Surface(name=ab82dd4 com.android.todolist/com.android.todolist.MainActivity)/@0x506bbbe - animation-leash of window_animation#0
02-20 23:16:21.933   944  1023 D WindowManager: makeSurface duration=1 leash=Surface(name=Surface(name=ab82dd4 com.android.todolist/com.android.todolist.MainActivity)/@0x506bbbe - animation-leash of window_animation)/@0x406041f
02-20 23:16:21.936   944  3770 D InputDispatcher: Focus request (0): ab82dd4 com.android.todolist/com.android.todolist.MainActivity but waiting because NOT_VISIBLE
02-20 23:16:21.936   944  3770 D InputDispatcher: Focus left window (0): 6851575 com.android.todolist/com.android.todolist.MainActivity
02-20 23:16:21.953   944  3770 D InputDispatcher: Focus entered window (0): ab82dd4 com.android.todolist/com.android.todolist.MainActivity
02-20 23:16:21.974   628   628 D SurfaceFlinger:      DEVICE | 0x6d894da8f0 | 0102 | RGBA_8888    |    0.0    0.0 1080.0 2280.0 |    0    0 1080 2280 | com.android.todolist/com.android.todolist.MainActivity$_14726#0
02-20 23:16:21.974   628   628 D SurfaceFlinger:      DEVICE | 0x6d894e3d70 | 0100 | RGBA_8888    |   81.0    0.0 1161.0  926.0 |    0  710 1080 1636 | com.android.todolist/com.android.todolist.MainActivity$_14726#1
02-20 23:16:22.086   944  1023 I WindowManager: Reparenting to original parent: Surface(name=ActivityRecord{e8a9548 u0 com.android.todolist/.MainActivity t239})/@0xfbfe8f3, destroy=true, surface=Surface(name=ab82dd4 com.android.todolist/com.android.todolist.MainActivity)/@0x506bbbe
02-20 23:16:22.102   628   628 I Layer   : id=4966 removeFromCurrentState Surface(name=ab82dd4 com.android.todolist/com.android.todolist.MainActivity)/@0x506bbbe - animation-leash of window_animation#0 (134)
02-20 23:16:22.103   628   628 I SurfaceFlinger: id=4966 Removed Surface(name=ab82dd4 com.android.todolist/com.android.todolist.MainActivity)/@0x506bbbe - animation-leash of window_animation#0 (134)
02-20 23:16:22.103   628   628 I Layer   : id=4966 Destroyed Surface(name=ab82dd4 com.android.todolist/com.android.todolist.MainActivity)/@0x506bbbe - animation-leash of window_animation#0
02-20 23:16:22.263   944  3654 W NotificationService: Toast already killed. pkg=com.android.todolist token=android.os.BinderProxy@bc30c70
02-20 23:16:22.460   944  1022 D SGM:GameManager: identifyForegroundApp. com.android.todolist, mCurrentUserId: 0, callerUserId: 0
02-20 23:16:22.460   944  1022 D SGM:PkgDataHelper: getGamePkgData(). com.android.todolist
02-20 23:16:22.569 14726 14726 I IMM_LC  : ssi() - flag : 0 view : com.android.todolist reason = SHOW_SOFT_INPUT
02-20 23:16:22.593   944  3654 D ContentCapturePerUserService: Notified activity assist data for activity: Token{135a3eb ActivityRecord{e8a9548 u0 com.android.todolist/.MainActivity t239}} without a session Id
02-20 23:16:22.611  4247  4247 I HBD     : HoneyBoardService onStartInputView : restarting = false, client = com.android.todolist 
02-20 23:16:22.791   628   628 D SurfaceFlinger:      DEVICE | 0x6d894da8f0 | 0102 | RGBA_8888    |    0.0    0.0 1080.0 2280.0 |    0    0 1080 2280 | com.android.todolist/com.android.todolist.MainActivity$_14726#0
02-20 23:16:22.791   628   628 D SurfaceFlinger:      DEVICE | 0x6d894e6a70 | 0100 | RGBA_8888    |   81.0    0.0 1161.0  926.0 |    0  710 1080 1636 | com.android.todolist/com.android.todolist.MainActivity$_14726#1
02-20 23:16:22.855 14726 14726 D InsetsSourceConsumer: setRequestedVisible: visible=true, type=19, host=com.android.todolist/com.android.todolist.MainActivity, from=android.view.InsetsSourceConsumer.show:235 android.view.InsetsController.showDirectly:1488 android.view.InsetsController.controlAnimationUnchecked:1136 android.view.InsetsController.applyAnimation:1455 android.view.InsetsController.applyAnimation:1436 android.view.InsetsController.show:975 android.view.ViewRootImpl$ViewRootHandler.handleMessageImpl:6345 android.view.ViewRootImpl$ViewRootHandler.handleMessage:6270 android.os.Handler.dispatchMessage:106 android.os.Looper.loopOnce:226 
02-20 23:16:22.858   944  3719 D InsetsSourceProvider: updateVisibility: serverVisible=true, clientVisible=true, source=InsetsSource: {mType=ITYPE_IME, mFrame=[0,1220][1080,2280], mVisible=true, mWindowFrame=[0,0][0,0]}, controlTarget=Window{ab82dd4 u0 com.android.todolist/com.android.todolist.MainActivity}, from=com.android.server.wm.ImeInsetsSourceProvider.updateVisibility:89 com.android.server.wm.InsetsSourceProvider.setClientVisible:428 com.android.server.wm.InsetsSourceProvider.updateClientVisibility:413 com.android.server.wm.InsetsStateController.onInsetsModified:457 com.android.server.wm.InsetsPolicy.onInsetsModified:510 com.android.server.wm.Session.insetsModified:704 android.view.IWindowSession$Stub.onTransact:1256 com.android.server.wm.Session.onTransact:176 android.os.Binder.execTransactInternal:1220 android.os.Binder.execTransact:1179 
02-20 23:16:22.868   944  1022 I WindowManager: Reparenting to leash, surface=Surface(name=ab82dd4 com.android.todolist/com.android.todolist.MainActivity)/@0x506bbbe, leashParent=Surface(name=ActivityRecord{e8a9548 u0 com.android.todolist/.MainActivity t239})/@0xfbfe8f3
02-20 23:16:22.868   628  1077 I SurfaceFlinger: id=4972 createSurf (0x0),-1 flag=24000, Surface(name=ab82dd4 com.android.todolist/com.android.todolist.MainActivity)/@0x506bbbe - animation-leash of window_animation#0
02-20 23:16:22.869   944  1022 D WindowManager: makeSurface duration=1 leash=Surface(name=Surface(name=ab82dd4 com.android.todolist/com.android.todolist.MainActivity)/@0x506bbbe - animation-leash of window_animation)/@0x6b9ce94
02-20 23:16:22.908   628   628 D SurfaceFlinger:      DEVICE | 0x6d894da8f0 | 0102 | RGBA_8888    |    0.0    0.0 1080.0 2280.0 |    0    0 1080 2280 | com.android.todolist/com.android.todolist.MainActivity$_14726#0
02-20 23:16:22.908   628   628 D SurfaceFlinger:      DEVICE | 0x6d894eabb0 | 0100 | RGBA_8888    |   81.0    0.0 1161.0  926.0 |    0  621 1080 1547 | com.android.todolist/com.android.todolist.MainActivity$_14726#1
02-20 23:16:23.072   944  1023 I WindowManager: Reparenting to original parent: Surface(name=ActivityRecord{e8a9548 u0 com.android.todolist/.MainActivity t239})/@0xfbfe8f3, destroy=true, surface=Surface(name=ab82dd4 com.android.todolist/com.android.todolist.MainActivity)/@0x506bbbe
02-20 23:16:23.105   628   628 I Layer   : id=4972 removeFromCurrentState Surface(name=ab82dd4 com.android.todolist/com.android.todolist.MainActivity)/@0x506bbbe - animation-leash of window_animation#0 (130)
02-20 23:16:23.105   628   628 I SurfaceFlinger: id=4972 Removed Surface(name=ab82dd4 com.android.todolist/com.android.todolist.MainActivity)/@0x506bbbe - animation-leash of window_animation#0 (130)
02-20 23:16:23.105   628   628 I Layer   : id=4972 Destroyed Surface(name=ab82dd4 com.android.todolist/com.android.todolist.MainActivity)/@0x506bbbe - animation-leash of window_animation#0
02-20 23:16:23.280 24007 24007 I SS:HintsMappingManager: getEntityTypeFromResourceMap map: com.android.todolist.MainActivity_com.android.todolist_editText_newList, value: null
02-20 23:16:24.273   944  3777 W InputManager-JNI: Input channel object 'ab82dd4 com.android.todolist/com.android.todolist.MainActivity (client)' was disposed without first being removed with the input manager!
02-20 23:16:24.273   944  3777 I WindowManager: Reparenting to leash, surface=Surface(name=ab82dd4 com.android.todolist/com.android.todolist.MainActivity)/@0x506bbbe, leashParent=Surface(name=ActivityRecord{e8a9548 u0 com.android.todolist/.MainActivity t239})/@0xfbfe8f3
02-20 23:16:24.273   628   643 I SurfaceFlinger: id=4973 createSurf (0x0),-1 flag=24000, Surface(name=ab82dd4 com.android.todolist/com.android.todolist.MainActivity)/@0x506bbbe - animation-leash of window_animation#0
02-20 23:16:24.273   944  3777 D WindowManager: makeSurface duration=0 leash=Surface(name=Surface(name=ab82dd4 com.android.todolist/com.android.todolist.MainActivity)/@0x506bbbe - animation-leash of window_animation)/@0xc5b7df9
02-20 23:16:24.274   944  3777 V WindowManager: removeIfPossible 2, Window{ab82dd4 u0 com.android.todolist/com.android.todolist.MainActivity}: mAnimatingExit=true caller=com.android.server.wm.WindowState.removeIfPossible:2958 com.android.server.wm.WindowManagerService.removeWindow:2245 com.android.server.wm.Session.remove:225 android.view.IWindowSession$Stub.onTransact:746 com.android.server.wm.Session.onTransact:176 
