02-20 22:56:15.232   944  2672 I ActivityTaskManager: [SecIpm] intent received, starting preload launch:com.android.todolist
02-20 22:56:15.251   944  1036 I ActivityManager: Start proc 9803:com.android.todolist/u0a484 for IpmLaunch {com.android.todolist/com.android.todolist.MainActivity}
02-20 22:56:15.330  9803  9803 E USNET   : USNET: appName: com.android.todolist
02-20 22:56:15.353   944  3736 I ActivityManager: DSS OFF for com.android.todolist
02-20 22:56:15.357   944  3736 D ActivityManager: attachApplicationLocked() app=ProcessRecord{e825de2 9803:com.android.todolist/u0a484} app.isolatedEntryPoint=null instr2=null
02-20 22:56:15.392  9803  9803 D ActivityThread: handleBindApplication()++ app=com.android.todolist
02-20 22:56:15.475  9803  9803 V GraphicsEnvironment: ANGLE Developer option for 'com.android.todolist' set to: 'default'
02-20 22:56:15.484  9803  9803 D LoadedApk: LoadedApk::makeApplication() appContext.mOpPackageName=com.android.todolist appContext.mBasePackageName=com.android.todolist
02-20 22:58:22.551   944  1060 D FreecessController: FZ : com.android.todolist(9803)
02-20 22:58:22.553   944  1060 D FreecessController: FZ : com.android.todolist(0), reason: LEV
02-20 23:01:21.388  1974  1974 W AppStartUtils: sendActiveLaunchBroadcast() v.hasOnClickListeners() : true, iconInfo : AppInfo(id=285 type=APP hidden=0 container=all_apps screen=2 rank=9 rankOfList=-1 user=UserHandle{0} title=To Do List componentName=ComponentInfo{com.android.todolist/com.android.todolist.MainActivity} screenType=0)
02-20 23:01:21.390   944  1316 I Pageboost: start alp : com.android.todolist
02-20 23:01:21.392   944  1319 I Pageboost: alp for : com.android.todolist , 1
02-20 23:01:21.887  1974  1974 W ItemLongClickListener: onAllAppsItemLongClick() v.hasOnClickListeners() : true, v.getTag() : AppInfo(id=285 type=APP hidden=0 container=all_apps screen=2 rank=9 rankOfList=-1 user=UserHandle{0} title=To Do List componentName=ComponentInfo{com.android.todolist/com.android.todolist.MainActivity} screenType=0)
02-20 23:01:21.907  1974  1974 W QuickOptionPopup: Inflate QuickOption view AppInfo(id=285 type=APP hidden=0 container=all_apps screen=2 rank=9 rankOfList=-1 user=UserHandle{0} title=To Do List componentName=ComponentInfo{com.android.todolist/com.android.todolist.MainActivity} screenType=0), global shortcuts : 1, shortcutCount : 0, Notifications : 0
02-20 23:01:22.767   944  1777 I ActivityTaskManager: START u0 {act=android.intent.action.DELETE dat=package:com.android.todolist flg=0x10808000 cmp=com.google.android.packageinstaller/com.android.packageinstaller.UninstallerActivity (has extras)} from uid 10110
02-20 23:01:23.041   944  2758 D FreecessController: com.android.todolist(state: Initial -> Freezeable, Reason: uidIdle)
02-20 23:01:23.884 11309 11309 I UninstallerActivity: Uninstalling extras=Bundle[{com.android.packageinstaller.extra.APP_LABEL=To Do List, com.android.packageinstaller.applicationInfo=ApplicationInfo{5384a1c com.android.todolist}, android.intent.extra.UNINSTALL_ALL_USERS=false, com.android.packageinstaller.extra.UNINSTALL_ID=-2147483647}]
02-20 23:01:23.907   944  1178 I PackageManager: pkg{com.android.todolist}, user{0}, caller{10047} flags{0}
02-20 23:01:23.913   944  1035 I ActivityManager: Force stopping com.android.todolist appid=10484 user=0: deletePackageX
02-20 23:01:23.931   944  1035 I ActivityManager: Killing 9803:com.android.todolist/u0a484 (adj 999): stop com.android.todolist due to deletePackageX
02-20 23:01:23.933   944  2741 D FreecessController: UFZ : com.android.todolist(9803)
02-20 23:01:23.935   944  2741 D FreecessController: UFZ : com.android.todolist(0), reason: Signal
02-20 23:01:23.963   944  1035 D ActivityManager: proc ProcessRecord{e825de2 9803:com.android.todolist/u0a484} already removed. so we skip next process.
02-20 23:01:23.964   944  2672 D PkgPredictorService-IpmNapPreloadController: app:0_&_com.android.todolist die, remove from <launchTime:2022-02-20 22:56:14 hour:22 day:1 previous:[com.android.settings, org.telegram.messenger, org.telegram.messenger] running:com.android.settings/com.android.settings.homepage.SettingsHomepageActivity apkVersion:12 userId:0 screenOrientation:1 wifi:3 bt:10 predictTime:3 launching Time:797 predicted:false prediction:[0_&_com.android.todolist, 0_&_org.telegram.messenger, 0_&_com.instagram.android] preloaded:false preloading:[0_&_com.android.todolist]>
02-20 23:01:23.995   944  1178 V ActivityManager: Got obituary of 9803:com.android.todolist
02-20 23:01:24.918   944  1085 D AASA_PackageManager_RESTRICTED: Uninstall : userId = 0, info.removedAppID = 10484, info.uid = 10484, packageName = com.android.todolist
02-20 23:01:24.923   944  1085 I ActivityManager: Force stopping com.android.todolist appid=10484 user=0: pkg removed
02-20 23:01:24.924 11309 11309 I UninstallFinish: Uninstall finished extras=Bundle[{android.content.pm.extra.STATUS=0, android.content.pm.extra.PACKAGE_NAME=com.android.todolist, com.android.packageinstaller.extra.APP_LABEL=To Do List, com.android.packageinstaller.applicationInfo=ApplicationInfo{23f53fa com.android.todolist}, android.intent.extra.UNINSTALL_ALL_USERS=false, android.content.pm.extra.LEGACY_STATUS=1, com.android.packageinstaller.extra.UNINSTALL_ID=-2147483647, android.content.pm.extra.STATUS_MESSAGE=DELETE_SUCCEEDED}]
02-20 23:01:25.142   944  1019 D CompanionDeviceManagerService: onPackageRemoved(packageName = com.android.todolist, uid = 10484)
02-20 23:01:25.142   944  1199 W WifiService: Couldn't get PackageInfo for package:com.android.todolist
02-20 23:01:25.142   944  1199 D WifiService: Remove settings for package:com.android.todolist
02-20 23:01:25.143   944  1199 D WifiConfigManager: Remove all networks for app ApplicationInfo{ed49b2e com.android.todolist}
02-20 23:01:25.145   944  1186 V StorageManagerService: Package com.android.todolist does not have legacy storage
02-20 23:01:25.147   944  1130 I RollbackManager: broadcast=ACTION_PACKAGE_FULLY_REMOVED pkg=com.android.todolist
02-20 23:01:25.152  3564  3564 I MediaProvider: Invalidating LocalCallingIdentity cache for package com.android.todolist. Reason: package android.intent.action.PACKAGE_REMOVED
02-20 23:01:25.153   944  1113 D OverlayManager: onPackageRemoved pkgName=com.android.todolist userId=0
02-20 23:01:25.153   944  1113 I OverlayManager: updateOverlaysForTarget() called with: targetPackage = [com.android.todolist], userId = [0], flags = [0], skipLocaleOverlays = [false]
02-20 23:01:25.156  1371  1371 D ShortcutManager: onReceive : Intent.EXTRA_REPLACING false, com.android.todolist
02-20 23:01:25.165   944  1035 W BroadcastQueue: Background execution not allowed: receiving Intent { act=android.intent.action.PACKAGE_REMOVED dat=package:com.android.todolist flg=0x4000010 (has extras) } to android/com.kddi.android.CpaNotiReceiver
02-20 23:01:25.165  2710  2776 I PackageInfoManager_FLP: action : ACTION_PACKAGE_REMOVED, packageName = com.android.todolist
02-20 23:01:25.168   944  1035 W BroadcastQueue: Background execution not allowed: receiving Intent { act=android.intent.action.PACKAGE_REMOVED dat=package:com.android.todolist flg=0x4000010 (has extras) } to com.android.vending/com.google.android.finsky.packagemanager.impl.PackageMonitorReceiverImpl$RegisteredReceiver
02-20 23:01:25.168   944  1035 W BroadcastQueue: Background execution not allowed: receiving Intent { act=android.intent.action.PACKAGE_REMOVED dat=package:com.android.todolist flg=0x4000010 (has extras) } to com.android.vending/com.google.android.finsky.instantapps.appmanagement.InstantAppRemoveMonitor
02-20 23:01:25.169   944  1035 W BroadcastQueue: Background execution not allowed: receiving Intent { act=android.intent.action.PACKAGE_REMOVED dat=package:com.android.todolist flg=0x4000010 (has extras) } to com.facebook.katana/com.facebook.feed.platformads.AppInstallReceiver
02-20 23:01:25.169   944  1035 W BroadcastQueue: Background execution not allowed: receiving Intent { act=android.intent.action.PACKAGE_REMOVED dat=package:com.android.todolist flg=0x4000010 (has extras) } to com.google.android.gms/.games.chimera.GamesSystemBroadcastReceiverProxy
02-20 23:01:25.169   944  1035 W BroadcastQueue: Background execution not allowed: receiving Intent { act=android.intent.action.PACKAGE_REMOVED dat=package:com.android.todolist flg=0x4000010 (has extras) } to com.google.android.gms/.chimera.GmsIntentOperationService$PersistentTrustedReceiver
02-20 23:01:25.169   944  1035 W BroadcastQueue: Background execution not allowed: receiving Intent { act=android.intent.action.PACKAGE_REMOVED dat=package:com.android.todolist flg=0x4000010 (has extras) } to com.google.android.googlequicksearchbox/com.google.android.apps.gsa.googlequicksearchbox.GelStubAppWatcher
02-20 23:01:25.169   944  1035 W BroadcastQueue: Background execution not allowed: receiving Intent { act=android.intent.action.PACKAGE_REMOVED dat=package:com.android.todolist flg=0x4000010 (has extras) } to com.samsung.android.app.taskedge/.edgepanel.TaskEdgePanelProvider
02-20 23:01:25.170   944  1035 W BroadcastQueue: Background execution not allowed: receiving Intent { act=android.intent.action.PACKAGE_REMOVED dat=package:com.android.todolist flg=0x4000010 (has extras) } to com.samsung.android.spayfw/.core.PackageStateReceiver
02-20 23:01:25.170   944  1035 W BroadcastQueue: Background execution not allowed: receiving Intent { act=android.intent.action.PACKAGE_REMOVED dat=package:com.android.todolist flg=0x4000010 (has extras) } to com.samsung.cmh/.core.receiver.ClearDataReceiver
02-20 23:01:25.170   944  1035 W BroadcastQueue: Background execution not allowed: receiving Intent { act=android.intent.action.PACKAGE_REMOVED dat=package:com.android.todolist flg=0x4000010 (has extras) } to com.sec.android.app.billing/.iap.receiver.IapReceiver
02-20 23:01:25.170   944  1035 W BroadcastQueue: Background execution not allowed: receiving Intent { act=android.intent.action.PACKAGE_REMOVED dat=package:com.android.todolist flg=0x4000010 (has extras) } to com.sec.android.app.samsungapps/com.samsung.android.iap.receiver.IapReceiver
02-20 23:01:25.171   944  1035 W BroadcastQueue: Background execution not allowed: receiving Intent { act=android.intent.action.PACKAGE_REMOVED dat=package:com.android.todolist flg=0x4000010 (has extras) } to com.sec.imsservice/com.sec.internal.ims.imsservice.ImsIntentReceiver
02-20 23:01:25.171   944  1035 W BroadcastQueue: Background execution not allowed: receiving Intent { act=android.intent.action.PACKAGE_REMOVED dat=package:com.android.todolist flg=0x4000010 (has extras) } to com.samsung.android.gearpplugin/com.samsung.android.gearoplugin.receiver.GearoPluginReceiver
02-20 23:01:25.172   944  1035 W BroadcastQueue: Background execution not allowed: receiving Intent { act=android.intent.action.PACKAGE_REMOVED dat=package:com.android.todolist flg=0x4000010 (has extras) } to com.sec.android.app.sbrowser/.webcontentsprovider.WebContentsProviderReceiver
02-20 23:01:25.172   944  1035 W BroadcastQueue: Background execution not allowed: receiving Intent { act=android.intent.action.PACKAGE_REMOVED dat=package:com.android.todolist flg=0x4000010 (has extras) } to com.vkontakte.android/ru.mail.libverify.utils.PackageStateReceiver
02-20 23:01:25.172   944  1035 W BroadcastQueue: Background execution not allowed: receiving Intent { act=android.intent.action.PACKAGE_REMOVED dat=package:com.android.todolist flg=0x4000010 (has extras) } to ru.sberbankmobile/com.kavsdk.AppInstallationReceiver
02-20 23:01:25.172  3595  3595 I GsaVoiceInteractionSrv: O received Intent { act=android.intent.action.PACKAGE_REMOVED dat=package:com.android.todolist flg=0x4000010 (has extras) }
02-20 23:01:25.173  1371  1371 D TileServices: mUninstallReceiver onReceive = Intent { act=android.intent.action.PACKAGE_REMOVED dat=package:com.android.todolist flg=0x4000010 (has extras) }
02-20 23:01:25.173 18012 18012 I DBG_FMMSEC :[WearableManager     ]: package removed : com.android.todolist
02-20 23:01:25.183 20066 20066 I SpayFw_PackageStateReceiver: PackageName : com.android.todolist
02-20 23:01:25.186  1371  1371 D FaceWidgetMusicViewModel: onPackageRemoved() pkg = com.android.todolist, r = false
02-20 23:01:25.188  2310  2310 W SAPolicyManager: Cannot remove as no entry found for package: com.android.todolist
02-20 23:01:25.200  2240  2240 I Finsky  : [2] nzb.n(8): Invalidating cached PackageState for com.android.todolist
02-20 23:01:25.202  2240  2240 I Finsky  : [2] nzb.s(3): Package no longer installed: com.android.todolist
02-20 23:01:25.203  2310  2310 I SAPackageEventReceiver: App com.android.todolist was removed.
02-20 23:01:25.209  2310  2310 I SAPackageEventReceiver: unregisterService : com.android.todolist
02-20 23:01:25.224  1371  1371 D FaceWidgetMetadataParser: removePackage() key = com.android.todolist
02-20 23:01:25.250  2310  2310 I SAPlatformPermissionUtils: AccessPermission of SAP FW is deleted! - com.android.todolist
02-20 23:01:25.260   944  1199 I PasspointManager: No app ops listener found for com.android.todolist
02-20 23:01:25.262  2065  2065 I PM::HMPackageBroadcastReceiver: forReplacing = false, intent = Intent { act=android.intent.action.PACKAGE_REMOVED dat=package:com.android.todolist flg=0x4000010 (has extras) }
02-20 23:01:25.264   944  1199 W WifiService: Couldn't get PackageInfo for package:com.android.todolist
02-20 23:01:25.264   944  1199 D WifiService: Remove settings for package:com.android.todolist
02-20 23:01:25.264   944  1199 D WifiConfigManager: Remove all networks for app ApplicationInfo{da2da8f com.android.todolist}
02-20 23:01:25.284  1318  1318 I VvmPkgInstalledRcvr: packageName: com.android.todolist, systemDialer: com.samsung.android.dialer
02-20 23:01:25.292  2065  2065 I PM::HMPackageBroadcastReceiver: isEssentialProvider(com.android.todolist) = false
02-20 23:01:25.294  2065  2065 I PM::HMPackageBroadcastReceiver: isCompanionApp com.android.todolist status = removed
02-20 23:01:25.299   944  1199 I PasspointManager: No app ops listener found for com.android.todolist
02-20 23:01:25.300  2065  2065 I PM::HMPackageBroadcastReceiver: isCompanionApp(com.android.todolist) = false
02-20 23:01:25.319   944   944 D SamsungAlarmManager: Remove alarm for next reason : android.intent.action.PACKAGE_REMOVED : package: com.android.todolist
02-20 23:01:25.325  1318  1318 I VvmPkgInstalledRcvr:  NOT contains : com.android.todolist
02-20 23:01:25.333   944   944 D AS.AudioService: com.android.todolist(10484) is removed
02-20 23:01:25.345  2240 11372 I Finsky  : [129] fde.accept(35): Asset module storage cleared for package com.android.todolist.
02-20 23:01:25.365  2065  2065 I PM::HMPackageBroadcastReceiver: Possible masterPackageName: com.android.todolist, consumerPackageName: null
02-20 23:01:25.374   944   944 D SGM:GameManager: identifyGamePackage. com.android.todolist, mCurrentUserId: 0, callerUserId: 0, callingMethodInfo: com.samsung.android.game.SemGameManager.isGamePackage(SemGameManager.java:104)
02-20 23:01:25.374   944   944 D SGM:PkgDataHelper: getGamePkgData(). com.android.todolist
02-20 23:01:25.374   944   944 D SGM:SemGameManager: isGamePackage(), pkgName=com.android.todolist, ret=false
02-20 23:01:25.381   944   944 I GameManagerService: Disabling downscale for com.android.todolist
02-20 23:01:25.389  2240  2334 I Finsky  : [60] euw.a(5): AIM: AppInfoManager-Perf > OnDeviceAppInfo > cacheHitCount=0, cacheMissCount=1. Missed  in cache (limit 10) : [com.android.todolist]
02-20 23:01:25.393   944   944 D SdpManagerImpl.receiver: On android.intent.action.PACKAGE_REMOVED : DATA = package:com.android.todolist, UID = 10484, UserId = 0, Is replacing? false
02-20 23:01:25.393   944   944 D SdpManagerImpl.receiver: ACTION_PACKAGE_REMOVED packageName:: com.android.todolist
02-20 23:01:25.405   944  1311 D SdpManagerImpl: handlePackageRemoved - PackageName : com.android.todolist, UserId : 0
02-20 23:01:25.407  3044 11399 I BlockstoreStorage: Setting IsLastInstallationDataPerPackage bit to true for package com.android.todolist [CONTEXT service_id=258 ]
02-20 23:01:25.435  2065  2065 I PM::HMPackageBroadcastReceiver: onReceive() com.android.todolist is deleted, requesting to sync...
02-20 23:01:25.440  2065  2065 I StatusUtils: ST::StatusUtils::isRequiredPacakgeWearable()::deviceID=[##:##:##:##:C2:02] packageName=[com.android.todolist]
02-20 23:01:25.442   944   944 I Telecom : CarModeTracker: Package com.android.todolist is not tracked.: SSH.oR@DHk
02-20 23:01:25.443  2065  2065 I StatusUtils: ST::StatusUtils::isRequiredPacakgeWearable::packageName=[com.android.todolist] ret=false
02-20 23:01:25.459  2065  2065 I HMPackageReceiver: ACTION_PACKAGE_REMOVED = com.android.todolist
02-20 23:01:25.459   944  1319 I Pageboost: remove app @ runtime : com.android.todolist
02-20 23:01:25.461  2065  2065 I CrossConnection: Package removed : com.android.todolist
02-20 23:01:25.486   944   944 I ConditionProviders: Disallowing condition provider com.android.todolist (userSet: true)
02-20 23:01:25.495  8293 11016 W SQLiteLog: (28) double-quoted string literal: "com.android.todolist"
02-20 23:01:25.497   944   944 I Telecom:SamsungTelecomServiceImpl: clearAccounts - packageName : com.android.todolist / callingPid : 944 / processName : sts
02-20 23:01:25.505  2240  2240 I Finsky  : [2] nzb.s(3): Package no longer installed: com.android.todolist
02-20 23:01:25.512  3564  5768 I MediaProvider: Begin Intent { act=android.intent.action.PACKAGE_FULLY_REMOVED dat=package:com.android.todolist flg=0x5000010 cmp=com.android.providers.media.module/com.android.providers.media.MediaService (has extras) }
02-20 23:01:25.514  3044  3408 E WorkSourceUtil: Could not find package: com.android.todolist
02-20 23:01:25.539  3044 11437 I Icing   : doRemovePackageData com.android.todolist
02-20 23:01:25.591  3564  5768 D MediaProvider: Deleted 0 Android/media items belonging to com.android.todolist on /data/user/0/com.android.providers.media.module/databases/external.db
02-20 23:01:25.607  3564  5768 I MediaProvider: End Intent { act=android.intent.action.PACKAGE_FULLY_REMOVED dat=package:com.android.todolist flg=0x5000010 cmp=com.android.providers.media.module/com.android.providers.media.MediaService (has extras) }
02-20 23:01:25.670  2240  2240 E Finsky  : [2] rku.b(9): STU: Failed to get status for package 'com.android.todolist' (1601: Error getting stats)
02-20 23:01:25.670  2240  2240 E Finsky  : android.content.pm.PackageManager$NameNotFoundException: com.android.todolist
02-20 23:01:25.674  2240  2240 I Finsky  : [2] nzb.n(8): Invalidating cached PackageState for com.android.todolist
02-20 23:01:25.675  2240  2240 I Finsky  : [2] nzb.s(3): Package no longer installed: com.android.todolist
02-20 23:01:25.753 11414 11414 W SQLiteLog: (28) double-quoted string literal: "com.android.todolist"
02-20 23:01:25.758 11414 11414 W SQLiteLog: (28) double-quoted string literal: "com.android.todolist"
02-20 23:01:25.759 11414 11414 W SQLiteLog: (28) double-quoted string literal: "com.android.todolist"
02-20 23:01:25.759 11414 11414 W SQLiteLog: (28) double-quoted string literal: "com.android.todolist"
02-20 23:01:25.760 11414 11414 W SQLiteLog: (28) double-quoted string literal: "com.android.todolist"
02-20 23:01:25.760 11414 11414 W SQLiteLog: (28) double-quoted string literal: "com.android.todolist"
02-20 23:01:25.764  3044 11399 W SQLiteLog: (28) double-quoted string literal: "com.android.todolist"
02-20 23:01:25.942   944  1034 I SettingsProvider: onPackageRemoved PackageName = com.android.todolist
02-20 23:01:26.224   944  1034 I SGM:GameManager: PkgUpdateReceiver, onPackageRemoved : com.android.todolist userHandle : UserHandle{0} userID : 0
02-20 23:01:26.225   944  1185 D SGM:GosNotifyThread: notifyPackageChangedToGos(), before send intent to GOS. type:15, changeType: 1, packageName:com.android.todolist, userHandleId:0
02-20 23:01:26.315 11093 11672 I GOS:GameIntentService: onHandleIntent(). extras: Bundle[{changeType=1, userId=0, type=15, packageName=com.android.todolist}]
02-20 23:01:26.315 11093 11672 I GOS:GameIntentService: onHandleIntent(). changeType(REMOVED), packageName(com.android.todolist), UserHandle(0), userId(0), Installed(false)
02-20 23:01:26.816   944  1034 D MetaDataCollector: onReceive: done pkgName=com.android.todolist
02-20 23:01:26.818  1974  1974 I Launcher.Model: package removed received com.android.todolist
02-20 23:01:26.819 19939 20506 I SAMSUNGPAY: [Hint_tp0] package removed : com.android.todolist , execute : true
02-20 23:01:26.820  1974  2061 I PackageUpdatedTask: Removing app iconcom.android.todolist
02-20 23:01:26.823  1974  2061 I PackageUpdatedTask: mAllAppsList.removePackage com.android.todolist
02-20 23:01:26.824  1974  2061 I PackageUpdatedTask: removed, appInfo : AppInfo(id=285 type=APP hidden=0 container=all_apps screen=2 rank=9 rankOfList=-1 user=UserHandle{0} title=To Do List componentName=ComponentInfo{com.android.todolist/com.android.todolist.MainActivity} screenType=0)
02-20 23:01:26.828  1974  2061 I AppsModelWriter: removing items from db com.android.todolist
02-20 23:01:27.478 11837 11837 I ENTM:AbstractReceiver: onReceive(): Intent { act=android.intent.action.PACKAGE_FULLY_REMOVED dat=package:com.android.todolist flg=0x5000010 cmp=com.samsung.klmsagent/.listner.SystemIntentReceiver (has extras) } | timestamp: Sun Feb 20 23:01:27 GMT+03:00 2022
02-20 23:01:27.504 11837 11880 I ENTM:KLMIntentService: onHandleIntent().START: Intent { act=android.intent.action.PACKAGE_FULLY_REMOVED dat=package:com.android.todolist flg=0x5000010 cmp=com.samsung.klmsagent/.service.KLMIntentService (has extras) }
02-20 23:01:27.506 11837 11880 I ENTM:Systemprocess: listeningToPackageRemoved().pkgName: com.android.todolist
02-20 23:01:27.506 11837 11880 I ENTM:Systemprocess: listeningToPackageRemovedforELM().START - com.android.todolist
02-20 23:01:27.518 11837 11880 I ENTM:Systemprocess: listeningToPackageRemovedforKLM().START - com.android.todolist
02-20 23:01:27.520 11837 11837 I ENTM:DataBaseUtils: isSameTrackerIdInDeviceDB().START: com.android.todolist
02-20 23:01:28.361 11943 11943 E SPPClientService: [PackageInfoChangeReceiver] [handlePkgRemovedEvent] PackageName : com.android.todolist
02-20 23:01:30.340 12400 12400 I FILP/PackageIntentReceiver: pkgName : com.android.todolist
02-20 23:01:30.354  3630  3955 W System.err: android.content.pm.PackageManager$NameNotFoundException: com.android.todolist
02-20 23:01:30.368 12400 12541 I FILP/FilterInstaller: removeFromFS : com.android.todolist, cursor size : 0
02-20 23:01:30.371 12400 12541 I FILP/FilterInstaller: Delete DB result : com.android.todolist, 0
02-20 23:03:02.658 11093 11159 I GOS:GameServiceReceiver:  PkgInstallStarted for com.android.todolist UserID : 0
02-20 23:03:02.658  2240  2240 I Finsky  : [2] wmm.c(6): Install-time verification requested for package com.android.todolist, id = 0
02-20 23:03:02.761 11093 13355 I GOS:GameIntentService: onHandleIntent(). extras: Bundle[{changeType=2, userId=0, type=15, packageName=com.android.todolist}]
02-20 23:03:02.761 11093 13355 I GOS:GameIntentService: onHandleIntent(). changeType(INSTALL_STARTED), packageName(com.android.todolist), UserHandle(0), userId(0), Installed(false)
02-20 23:03:02.770 11093 13355 W GOS:PackageUtil: isVrApp(). PackageManager.NameNotFoundException: com.android.todolist
02-20 23:03:03.570 11093 13355 I GOS:NetworkConnector: getSingleCategoryResponse(), request: PRD/v4/packages/com.android.todolist, v4PkgResponse: {"pkg_name":"com.android.todolist", "pkg_type":"unknown"}
02-20 23:03:03.583 11093 13355 I GOS:SystemEventReactor: addPkgDataFromServer(), A package was added : com.android.todolist as unknown
02-20 23:03:04.679  2240 13371 I Finsky  : [150] wph.c(3): Verify: Verification package=com.android.todolist, id=0 response=0
02-20 23:03:04.735  2240  2240 I Finsky  : [2] VerifyInstallTask.mD(6): Verification complete: id=0, package_name=com.android.todolist
02-20 23:03:04.738   944  1085 I PackageManager:           pkg{com.android.todolist}
02-20 23:03:05.294   944  1085 V BackupManagerService: [UserID:0] restoreAtInstall pkg=com.android.todolist token=1 restoreSet=369bc69e403084c6
02-20 23:03:06.057  3044  5610 I Backup  : [RestoreRequestProcessor] Skipping app with no doc id or kv pairs: com.android.todolist
02-20 23:03:06.133   944  1085 I MultiUserInstallPolicy: applyInstallPolicyPackageInternalLPw : com.android.todolist
02-20 23:03:06.141  3564  3564 I MediaProvider: Invalidating LocalCallingIdentity cache for package com.android.todolist. Reason: package android.intent.action.PACKAGE_ADDED
02-20 23:03:06.145   944  1113 D OverlayManager: reconcileSettingsForPackage pkgName=com.android.todolist userId=0
02-20 23:03:06.145   944  1113 I OverlayManager: updateOverlaysForTarget() called with: targetPackage = [com.android.todolist], userId = [0], flags = [0], skipLocaleOverlays = [false]
02-20 23:03:06.153  2310  2310 I SAPackageEventReceiver: App com.android.todolist was installed.
02-20 23:03:06.155  2310  2310 I SAPackageEventReceiver: registerService : com.android.todolist
02-20 23:03:06.160  2240  2240 I Finsky  : [2] nzb.n(8): Invalidating cached PackageState for com.android.todolist
02-20 23:03:06.163  2710  2776 I PackageInfoManager_FLP: action : ACTION_PACKAGE_ADDED, packageName = com.android.todolist
02-20 23:03:06.165   944  3736 W BroadcastQueue: Background execution not allowed: receiving Intent { act=android.intent.action.PACKAGE_ADDED dat=package:com.android.todolist flg=0x4000010 (has extras) } to com.google.android.packageinstaller/com.android.packageinstaller.PackageInstalledReceiver
02-20 23:03:06.166 12222 13379 I [SC]PackageAddMonitorReceiverImpl: onReceive: com.android.todolist
02-20 23:03:06.169   944  1035 W BroadcastQueue: Background execution not allowed: receiving Intent { act=android.intent.action.PACKAGE_ADDED dat=package:com.android.todolist flg=0x4000010 (has extras) } to com.android.vending/com.google.android.finsky.packagemanager.impl.PackageMonitorReceiverImpl$RegisteredReceiver
02-20 23:03:06.169   944  1035 W BroadcastQueue: Background execution not allowed: receiving Intent { act=android.intent.action.PACKAGE_ADDED dat=package:com.android.todolist flg=0x4000010 (has extras) } to com.facebook.katana/com.facebook.feed.platformads.AppInstallReceiver
02-20 23:03:06.175   944   944 D SGM:GameManager: identifyGamePackage. com.android.todolist, mCurrentUserId: 0, callerUserId: 0, callingMethodInfo: com.samsung.android.game.SemGameManager.isGamePackage(SemGameManager.java:104)
02-20 23:03:06.175   944   944 D SGM:PkgDataHelper: getGamePkgData(). com.android.todolist
02-20 23:03:06.175   944   944 D SGM:SemGameManager: isGamePackage(), pkgName=com.android.todolist, ret=false
02-20 23:03:06.177   944  1113 D OverlayManager: -> Updating overlay: target=com.android.todolist overlays=[OverlayPaths { resourceDirs = [/system/system_ext/overlay/NavigationBarModeSamsungGestural/NavigationBarModeSamsungGesturalOverlay.apk], overlayPaths = [/system/system_ext/overlay/NavigationBarModeSamsungGestural/NavigationBarModeSamsungGesturalOverlay.apk] }] userId=0
02-20 23:03:06.178  1371  1371 D FaceWidgetMetadataParser: updatePackage() com.android.todolist true
02-20 23:03:06.181  3595  3595 I GsaVoiceInteractionSrv: O received Intent { act=android.intent.action.PACKAGE_ADDED dat=package:com.android.todolist flg=0x4000010 (has extras) }
02-20 23:03:06.183  1371  1371 D FaceWidgetMetadataParser: removePackage() key = com.android.todolist
02-20 23:03:06.183   944  1113 I SWT_ThemeManager: com.android.todolist doesn't have metadata
02-20 23:03:06.187   944  1270 D SGM:GameManager: identifyGamePackage. com.android.todolist, mCurrentUserId: 0, callerUserId: 0, callingMethodInfo: com.samsung.android.game.SemGameManager.isGamePackage(SemGameManager.java:104)
02-20 23:03:06.187   944  1270 D SGM:PkgDataHelper: getGamePkgData(). com.android.todolist
02-20 23:03:06.187   944  1270 D SGM:SemGameManager: isGamePackage(), pkgName=com.android.todolist, ret=false
02-20 23:03:06.188   944  1035 W BroadcastQueue: Background execution not allowed: receiving Intent { act=android.intent.action.PACKAGE_ADDED dat=package:com.android.todolist flg=0x4000010 (has extras) } to com.google.android.gms/.games.chimera.GamesSystemBroadcastReceiverProxy
02-20 23:03:06.188   944  1035 W BroadcastQueue: Background execution not allowed: receiving Intent { act=android.intent.action.PACKAGE_ADDED dat=package:com.android.todolist flg=0x4000010 (has extras) } to com.google.android.gms/.gass.chimera.PackageChangeBroadcastReceiver
02-20 23:03:06.189   944  1035 W BroadcastQueue: Background execution not allowed: receiving Intent { act=android.intent.action.PACKAGE_ADDED dat=package:com.android.todolist flg=0x4000010 (has extras) } to com.google.android.gms/.chimera.GmsIntentOperationService$PersistentTrustedReceiver
02-20 23:03:06.189   944  1035 W BroadcastQueue: Background execution not allowed: receiving Intent { act=android.intent.action.PACKAGE_ADDED dat=package:com.android.todolist flg=0x4000010 (has extras) } to com.google.android.googlequicksearchbox/com.google.android.apps.gsa.googlequicksearchbox.GelStubAppWatcher
02-20 23:03:06.192  2065  2065 I PM::HMPackageBroadcastReceiver: isEssentialProvider(com.android.todolist) = false
02-20 23:03:06.192  2065  2065 I PM::HMPackageBroadcastReceiver: forReplacing = false, intent = Intent { act=android.intent.action.PACKAGE_ADDED dat=package:com.android.todolist flg=0x4000010 (has extras) }
02-20 23:03:06.200  2065  2065 I CommonUtils: isCompanionApp packageInfo = PackageInfo{d16f3c5 com.android.todolist}
02-20 23:03:06.209  2065  2065 I PM::HMPackageBroadcastReceiver: isCompanionApp(com.android.todolist) = false
02-20 23:03:06.211  2065  2065 I PM::HMPackageBroadcastReceiver: isWatchApp(com.android.todolist) = false
02-20 23:03:06.220   944  1035 W BroadcastQueue: Background execution not allowed: receiving Intent { act=android.intent.action.PACKAGE_ADDED dat=package:com.android.todolist flg=0x4000010 (has extras) } to com.samsung.android.app.taskedge/.edgepanel.TaskEdgePanelProvider
02-20 23:03:06.221   944  1035 W BroadcastQueue: Background execution not allowed: receiving Intent { act=android.intent.action.PACKAGE_ADDED dat=package:com.android.todolist flg=0x4000010 (has extras) } to com.sec.android.app.samsungapps/.receiver.PackageAddedReceiver
02-20 23:03:06.221   944  1035 W BroadcastQueue: Background execution not allowed: receiving Intent { act=android.intent.action.PACKAGE_ADDED dat=package:com.android.todolist flg=0x4000010 (has extras) } to com.sec.imsservice/com.sec.internal.ims.imsservice.ImsIntentReceiver
02-20 23:03:06.222   944  1035 W BroadcastQueue: Background execution not allowed: receiving Intent { act=android.intent.action.PACKAGE_ADDED dat=package:com.android.todolist flg=0x4000010 (has extras) } to com.samsung.android.gearpplugin/com.samsung.android.gearoplugin.receiver.SafetyReceiver
02-20 23:03:06.222   944  1035 W BroadcastQueue: Background execution not allowed: receiving Intent { act=android.intent.action.PACKAGE_ADDED dat=package:com.android.todolist flg=0x4000010 (has extras) } to com.sec.android.app.sbrowser/.webcontentsprovider.WebContentsProviderReceiver
02-20 23:03:06.223   944  1035 W BroadcastQueue: Background execution not allowed: receiving Intent { act=android.intent.action.PACKAGE_ADDED dat=package:com.android.todolist flg=0x4000010 (has extras) } to ru.sberbankmobile/com.kavsdk.AppInstallationReceiver
02-20 23:03:06.228  2065  2065 I PM::HMPackageBroadcastReceiver: onReceive(), com.android.todolist is installed, requesting to sync...
02-20 23:03:06.235  1318  1318 I VvmPkgInstalledRcvr: packageName: com.android.todolist, systemDialer: com.samsung.android.dialer
02-20 23:03:06.236  2065  2065 I StatusUtils: ST::StatusUtils::isRequiredPacakgeWearable()::deviceID=[##:##:##:##:C2:02] packageName=[com.android.todolist]
02-20 23:03:06.237  2240  2334 I Finsky  : [60] euw.a(5): AIM: AppInfoManager-Perf > OnDeviceAppInfo > cacheHitCount=0, cacheMissCount=1. Missed  in cache (limit 10) : [com.android.todolist]
02-20 23:03:06.241  2065  2065 I StatusUtils: ST::StatusUtils::isRequiredPacakgeWearable::packageName=[com.android.todolist] ret=false
02-20 23:03:06.254  1318  1318 I VvmPkgInstalledRcvr:  NOT contains : com.android.todolist
02-20 23:03:06.257  1318  1318 D ImsResolver: maybeAddedImsService, packageName: com.android.todolist
02-20 23:03:06.296   944   944 I Telecom:SamsungCommonPolicyPackageBroadcastReceiver: action : android.intent.action.PACKAGE_ADDED / packageName : com.android.todolist
02-20 23:03:06.307   944  1319 D SGM:GameManager: identifyGamePackage. com.android.todolist, mCurrentUserId: 0, callerUserId: 0, callingMethodInfo: com.samsung.android.game.SemGameManager.isGamePackage(SemGameManager.java:104)
02-20 23:03:06.307   944  1319 D SGM:PkgDataHelper: getGamePkgData(). com.android.todolist
02-20 23:03:06.307   944  1319 D SGM:SemGameManager: isGamePackage(), pkgName=com.android.todolist, ret=false
02-20 23:03:06.310   944  1319 I Pageboost: appinfo : com.android.todolist 0 0 0 0
02-20 23:03:06.316 11414 11414 I RoutineDebug[3.5.00.77]: MetadataLoaderImpl: collectInBackground - packageName:com.android.todolist
02-20 23:03:06.317 11414 11414 I RoutineDebug[3.5.00.77]: MetadataSyncBacklog: add: null + com.android.todolist
02-20 23:03:06.331  2240  2312 I Finsky  : [51] euw.a(5): AIM: AppInfoManager-Perf > OnDeviceAppInfo > cacheHitCount=0, cacheMissCount=1. Missed  in cache (limit 10) : [com.android.todolist]
02-20 23:03:06.333   944  1319 D SGM:GameManager: identifyGamePackage. com.android.todolist, mCurrentUserId: 0, callerUserId: 0, callingMethodInfo: com.samsung.android.game.SemGameManager.isGamePackage(SemGameManager.java:104)
02-20 23:03:06.333   944  1319 D SGM:PkgDataHelper: getGamePkgData(). com.android.todolist
02-20 23:03:06.333   944  1319 D SGM:SemGameManager: isGamePackage(), pkgName=com.android.todolist, ret=false
02-20 23:03:06.333   944  1319 I Pageboost: Reset this app info : com.android.todolist 
02-20 23:03:06.341   944  1019 D CompanionDeviceManagerService: onPackageModified(packageName = com.android.todolist)
02-20 23:03:06.356  2310  2310 I SAPackageEventReceiver: The current enabled state for com.android.todolist : 0
02-20 23:03:06.357  1371  1371 D FaceWidgetMetadataParser: updatePackage() com.android.todolist false
02-20 23:03:06.357  2310  2310 I SAPackageEventReceiver: registerService : com.android.todolist
02-20 23:03:06.358  1371  1371 D FaceWidgetMetadataParser: removePackage() key = com.android.todolist
02-20 23:03:06.365   944  1319 I Pageboost: add app to global @ runtime: com.android.todolist
02-20 23:03:06.383  2240 13384 I Finsky  : [152] fde.accept(35): Asset module storage cleared for package com.android.todolist.
02-20 23:03:06.385   944  1079 E VerityUtils: Failed to measure fs-verity, errno 1: /data/app/~~NmlSg-it2Pqyfhfu971jQg==/com.android.todolist-uiMEd6lPwYg5xXTrPAbpcQ==/base.apk
02-20 23:03:06.454  1318  1318 D ImsResolver: maybeAddedImsService, packageName: com.android.todolist
02-20 23:03:06.459 11414 11414 I RoutineDebug[3.5.00.77]: MetadataLoaderJobService: onStartJob: collectPackageInBG - com.android.todolist
02-20 23:03:06.463 11414 11414 I RoutineDebug[3.5.00.77]: MetadataLoaderJobService: packageName : com.android.todolist, forced : true
02-20 23:03:06.508 11414 13460 I RoutineDebug[3.5.00.77]: MetadataLoadManager: collect: com.android.todolist
02-20 23:03:06.508 11414 13460 I RoutineDebug[3.5.00.77]: MetadataLoadManager: collectWithCollectors - com.android.todolist
02-20 23:03:06.514   944  1270 W SemWifiTransportLayerUtils: getApplicationCategory - IOException com.android.todolist
02-20 23:03:06.514   944  1270 W System.err: java.io.FileNotFoundException: https://play.google.com/store/apps/details?id=com.android.todolist&hl=en
02-20 23:03:06.521  1813 13444 W GCM     : Unexpected forwarded intent: Intent { act=android.intent.action.PACKAGE_ADDED dat=package:com.android.todolist flg=0x4000010 pkg=com.google.android.gms cmp=com.google.android.gms/.chimera.PersistentIntentOperationService (has extras) }
02-20 23:03:06.521  1813 13444 W GCM     : Unexpected forwarded intent: Intent { act=android.intent.action.PACKAGE_ADDED dat=package:com.android.todolist flg=0x4000010 pkg=com.google.android.gms cmp=com.google.android.gms/.chimera.PersistentIntentOperationService (has extras) }
02-20 23:03:06.522  1813 13443 I FontLog : Package com.android.todolist has no metadata [CONTEXT service_id=132 ]
02-20 23:03:06.550  1813 13442 I Fitness : OnPackageChangedOperation got intent: Intent { act=android.intent.action.PACKAGE_CHANGED dat=package:com.android.todolist flg=0x5000010 pkg=com.google.android.gms cmp=com.google.android.gms/.chimera.PersistentIntentOperationService (has extras) } [CONTEXT service_id=17 ]
02-20 23:03:06.682 11414 11414 I RoutineDebug[3.5.00.77]: MetadataLoaderJobService: metadataLoadingFinished: collectPackageInBG - com.android.todolist
02-20 23:03:06.771 12400 12400 I FILP/PackageIntentReceiver: pkgName : com.android.todolist
02-20 23:03:06.812  2240  2240 I Finsky  : [2] nzb.n(8): Invalidating cached PackageState for com.android.todolist
02-20 23:03:06.827 13393 13393 I ResourceOverlayService_0: onStartCommand: Package added intent. Data = package:com.android.todolist
02-20 23:03:06.909  1813 13442 I Fitness : OnPackageChangedOperation got intent: Intent { act=android.intent.action.PACKAGE_CHANGED dat=package:com.android.todolist flg=0x5000010 pkg=com.google.android.gms cmp=com.google.android.gms/.chimera.PersistentIntentOperationService (has extras) } [CONTEXT service_id=17 ]
02-20 23:03:06.925  2240  2325 I Finsky  : [57] euw.a(5): AIM: AppInfoManager-Perf > OnDeviceAppInfo > cacheHitCount=0, cacheMissCount=1. Missed  in cache (limit 10) : [com.android.todolist]
02-20 23:03:06.927 13393 13393 E ResourceOverlayService_0: requestPendingAction sending bundle Bundle[{added_package=com.android.todolist, pending_action=com.samsung.android.localeoverlaymanager.action.PACKAGE_ADDED}]
02-20 23:03:06.928 13393 13498 I LocaleOverlayManager_0: handleMessage false msg { when=0 what=1 obj=Bundle[{added_package=com.android.todolist, pending_action=com.samsung.android.localeoverlaymanager.action.PACKAGE_ADDED}] target=com.samsung.android.localeoverlaymanager.LocaleOverlayManager$OverlayHandler }
02-20 23:03:06.928 13393 13498 I LocaleOverlayManager_0: handleMessage false msg { when=0 what=3 obj=Bundle[{added_package=com.android.todolist, pending_action=com.samsung.android.localeoverlaymanager.action.PACKAGE_ADDED}] target=com.samsung.android.localeoverlaymanager.LocaleOverlayManager$OverlayHandler }
02-20 23:03:06.928 13393 13498 I LocaleOverlayManager_0: handleMessage: MESSAGE_PARSE_SINGLE_PACKAGE. PackageName = [com.android.todolist]
02-20 23:03:06.984 13393 13498 I LocaleOverlayManager_0: hasZippedOverlaysPackage: com.android.todolist -- false
02-20 23:03:06.984 13393 13498 I LocaleOverlayManager_0: Package is not supported for Locale Overlays: com.android.todolist
02-20 23:03:06.984 13393 13498 I LocaleOverlayManager_0: cleanLocaleOverlayForDisable: com.samsung.android.localeoverlaymanager.OverlayManager@ee85bf5, packageName : com.android.todolist
02-20 23:03:07.412 12222 13379 I [SC]BackupSourceManager: load: Can't load package: com.android.todolist
02-20 23:03:07.601 11093 11159 I GOS:GameServiceReceiver:  Package changeType : ENABLED, packageName : com.android.todolist
02-20 23:03:07.765 11093 13552 I GOS:GameIntentService: onHandleIntent(). extras: Bundle[{changeType=4, type=15, packageName=com.android.todolist}]
02-20 23:03:07.765 11093 13552 I GOS:GameIntentService: onHandleIntent(). changeType(ENABLED), packageName(com.android.todolist), UserHandle(0), userId(0), Installed(true)
02-20 23:03:08.032   944  1034 I SGM:GameManager: PkgUpdateReceiver, onPackageAdded : com.android.todolist userHandle : UserHandle{0} userId : 0
02-20 23:03:08.033   944  1185 D SGM:GosNotifyThread: notifyPackageChangedToGos(), before send intent to GOS. type:15, changeType: 0, packageName:com.android.todolist, userHandleId:0
02-20 23:03:08.101   944  1034 D LauncherAppsService: Callback onPackageAdded: com.android.todolist, userId: 0, listener: com.sec.android.app.launcher
02-20 23:03:08.101   944  1034 D LauncherAppsService: Callback onPackageAdded: com.android.todolist, userId: 0, listener: com.android.systemui
02-20 23:03:08.101   944  1034 D LauncherAppsService: Callback onPackageAdded: com.android.todolist, userId: 0, listener: android
02-20 23:03:08.101   944  1034 D LauncherAppsService: Callback onPackageAdded: com.android.todolist, userId: 0, listener: com.samsung.android.spay
02-20 23:03:08.101   944  1034 D LauncherAppsService: Callback onPackageAdded: com.android.todolist, userId: 0, listener: com.google.android.as
02-20 23:03:08.103  1974  2061 I PackageUpdatedTask: mAllAppsList.addPackage com.android.todolist
02-20 23:03:08.103 19939 20506 I SAMSUNGPAY: [Hint_tp0] package added : com.android.todolist , execute : true
02-20 23:03:08.117 11093 13559 I GOS:GameIntentService: onHandleIntent(). extras: Bundle[{changeType=0, userId=0, type=15, packageName=com.android.todolist}]
02-20 23:03:08.117 11093 13559 I GOS:GameIntentService: onHandleIntent(). changeType(INSTALLED), packageName(com.android.todolist), UserHandle(0), userId(0), Installed(true)
02-20 23:03:08.143  1974  2061 I AppIconSolution: getThemeIconWithBG called with public API, pkg = com.android.todolist
02-20 23:03:08.144  1974  2061 I AppIconSolution: return adaptive icon for com.android.todolist, isNight = false
02-20 23:03:08.150  1974  2061 I LauncherActivityInfo: packageName: com.android.todolist, useThemeIcon: false, height: 243, width: 243, density: 640
02-20 23:03:08.190  1974  2061 I PackageUpdatedTask: added, appInfo : AppInfo(id=286 type=APP hidden=0 container=all_apps screen=-1 rank=0 rankOfList=-1 user=UserHandle{0} title=To Do List componentName=ComponentInfo{com.android.todolist/com.android.todolist.MainActivity} screenType=0)
02-20 23:03:08.228  1974  2061 I PostPositionOperator: addItem() - com.android.todolist, isWidgetOnly : true
02-20 23:03:08.286  1974  2061 I GameLauncherManagerImp: com.android.todolist does not contain game list
02-20 23:03:08.307   944  1034 D MetaDataCollector: onReceive: done pkgName=com.android.todolist
02-20 23:03:08.507  1974  2061 I PackageUpdatedTask: mAllAppsList.updatePackage com.android.todolist
02-20 23:03:08.508 19939 20506 I SAMSUNGPAY: [Hint_tp0] package changed : com.android.todolist , execute : true
02-20 23:03:08.534  1974  2061 I AppIconSolution: getThemeIconWithBG called with public API, pkg = com.android.todolist
02-20 23:03:08.534  1974  2061 I AppIconSolution: return adaptive icon for com.android.todolist, isNight = false
02-20 23:03:08.534  1974  2061 I LauncherActivityInfo: packageName: com.android.todolist, useThemeIcon: false, height: 243, width: 243, density: 640
02-20 23:03:08.608  1974  2061 I PackageUpdatedTask: modified, appInfo : AppInfo(id=286 type=APP hidden=0 container=all_apps screen=2 rank=9 rankOfList=-1 user=UserHandle{0} title=To Do List componentName=ComponentInfo{com.android.todolist/com.android.todolist.MainActivity} screenType=0)
02-20 23:03:08.680  1974  2061 I PostPositionOperator: addItem() - com.android.todolist, isWidgetOnly : true
02-20 23:03:11.204  2310  2310 W SAPackageEventReceiver: [com.android.todolist] removed. Stop sending intent
02-20 23:11:54.623  1974  1974 W AppStartUtils: sendActiveLaunchBroadcast() v.hasOnClickListeners() : true, iconInfo : AppInfo(id=286 type=APP hidden=0 container=all_apps screen=2 rank=9 rankOfList=-1 user=UserHandle{0} title=To Do List componentName=ComponentInfo{com.android.todolist/com.android.todolist.MainActivity} screenType=0)
02-20 23:11:54.623   944  1316 I Pageboost: start alp : com.android.todolist
02-20 23:11:54.624   944  1319 I Pageboost: alp for : com.android.todolist , 0
02-20 23:11:54.677   944  1778 I ActivityTaskManager: START u0 {act=android.intent.action.MAIN cat=[android.intent.category.LAUNCHER] flg=0x10200000 cmp=com.android.todolist/.MainActivity bnds=[291,1062][537,1412]} from uid 10110
02-20 23:11:54.679   944  1778 D ActivityTaskManager: TaskLaunchParamsModifier:task=null activity=ActivityRecord{e8a9548 u0 com.android.todolist/.MainActivity display-from-option=0 display-id=0 display-windowing-mode=1 suggested-display-area=DefaultTaskDisplayArea@186357010
02-20 23:11:54.679   944  1778 D [secipm]: mSecIpmManager Preload com.android.todolist dex files
02-20 23:11:54.679   944  1778 D ActivityTaskManager: TaskLaunchParamsModifier:task=null activity=ActivityRecord{e8a9548 u0 com.android.todolist/.MainActivity t-1} display-from-option=0 display-id=0 display-windowing-mode=1 suggested-display-area=DefaultTaskDisplayArea@186357010 inherit-from-source=fullscreen activity-options-fullscreen=Rect(0, 0 - 0, 0) non-freeform-display display-area=DefaultTaskDisplayArea@186357010 maximized-bounds
02-20 23:11:54.679  1974  2061 I AppIconSolution: getThemeIconWithBG called with public API, pkg = com.android.todolist
02-20 23:11:54.679  1974  2061 I AppIconSolution: return adaptive icon for com.android.todolist, isNight = false
02-20 23:11:54.679   944  2706 D PkgPredictorService-IpmAdcpController: create a new DexPreloadTask pkg:com.android.todolist  path:/data/app/~~NmlSg-it2Pqyfhfu971jQg==/com.android.todolist-uiMEd6lPwYg5xXTrPAbpcQ==
02-20 23:11:54.681  1974  2061 I LauncherActivityInfo: packageName: com.android.todolist, useThemeIcon: false, height: 243, width: 243, density: 640
02-20 23:11:54.681   944  1778 D ActivityTaskManager: TaskLaunchParamsModifier:task=Task{82dafe1 #239 type=standard A=10485:com.android.todolist U=0 visible=false mode=fullscreen translucent=true sz=0} activity=ActivityRecord{e8a9548 u0 com.android.todolist/.MainActivity t-1} display-from-option=0 display-id=0 display-windowing-mode=1 suggested-display-area=DefaultTaskDisplayArea@186357010 inherit-from-source=fullscreen activity-options-fullscreen=Rect(0, 0 - 0, 0) non-freeform-display display-area=DefaultTaskDisplayArea@186357010 maximized-bounds
02-20 23:11:54.683   628  1078 I SurfaceFlinger: id=4912 createSurf (0x0),-1 flag=80004, ActivityRecord{e8a9548 u0 com.android.todolist/.MainActivity t239}#0
02-20 23:11:54.690   944   944 I Pageboost: package com.android.todolist
02-20 23:11:54.690   944  1319 I Pageboost: Record App IO : com.android.todolist pid 0
02-20 23:11:54.691   944  2875 D MARsPolicyManager: onPackageResumedFG pkgName = com.android.todolist, userId = 0
02-20 23:11:54.698   628  1078 I SurfaceFlinger: id=4913 createSurf (0x0),-1 flag=80004, ca6d38d Splash Screen com.android.todolist#0
02-20 23:11:54.699   944  3770 D WindowManager: rotationForOrientation, orientationSource=ActivityRecord{e8a9548 u0 com.android.todolist/.MainActivity t239}
02-20 23:11:54.699   944  3770 D WindowManager: rotationForOrientation, orientationSource=ActivityRecord{e8a9548 u0 com.android.todolist/.MainActivity t239}
02-20 23:11:54.703   944  2875 D WindowManager: rotationForOrientation, orientationSource=ActivityRecord{e8a9548 u0 com.android.todolist/.MainActivity t239}
02-20 23:11:54.703   944  3770 V WindowManager: Relayout Window{ca6d38d u0 Splash Screen com.android.todolist}: viewVisibility=0 req=1080x2280 d0
02-20 23:11:54.704   628  1078 I SurfaceFlinger: id=4914 createSurf (1080x2280),-3 flag=40004, Splash Screen com.android.todolist$_1371#0
02-20 23:11:54.704   944  3770 D WindowManager: makeSurface duration=1 name=Splash Screen com.android.todolist$_1371
02-20 23:11:54.706   944  3770 D WindowManager: rotationForOrientation, orientationSource=ActivityRecord{e8a9548 u0 com.android.todolist/.MainActivity t239}
02-20 23:11:54.718   944  1036 I ActivityManager: Start proc 14726:com.android.todolist/u0a485 for pre-top-activity {com.android.todolist/com.android.todolist.MainActivity}
02-20 23:11:54.732   944  1778 D WindowManager: finishDrawingWindow: Window{ca6d38d u0 Splash Screen com.android.todolist} mDrawState=DRAW_PENDING
02-20 23:11:54.736   944  1023 D WindowManager: createAnimationAdapter(): container=Task{82dafe1 #239 type=standard A=10485:com.android.todolist U=0 visible=true mode=fullscreen translucent=false sz=1}
02-20 23:11:54.737   944  1023 D WindowManager: 	Add container=Task{82dafe1 #239 type=standard A=10485:com.android.todolist U=0 visible=true mode=fullscreen translucent=false sz=1}
02-20 23:11:54.740   944  1023 I WindowManager: container=Task{82dafe1 #239 type=standard A=10485:com.android.todolist U=0 visible=true mode=fullscreen translucent=false sz=1}
